Archive member included because of file (symbol)

c:/program files (x86)/microchip/xc32/v1.34/bin/bin/../../lib/gcc/pic32mx/4.5.2/../../../../pic32mx/lib\libpic32.a(memcmp.o)
                              build/pic32mx_usb_sk2_int_dyn/production/_ext/1360937237/app.o (memcmp)
c:/program files (x86)/microchip/xc32/v1.34/bin/bin/../../lib/gcc/pic32mx/4.5.2/../../../../pic32mx/lib\libpic32.a(memcpy.o)
                              build/pic32mx_usb_sk2_int_dyn/production/_ext/692885480/usb_device.o (memcpy)
c:/program files (x86)/microchip/xc32/v1.34/bin/bin/../../lib/gcc/pic32mx/4.5.2/../../../../pic32mx/lib\libpic32.a(memset.o)
                              build/pic32mx_usb_sk2_int_dyn/production/_ext/1774247193/i2c_display.o (memset)
c:/program files (x86)/microchip/xc32/v1.34/bin/bin/../../lib/gcc/pic32mx/4.5.2/../../../../pic32mx/lib\libpic32.a(default-bootstrap-exception-handler.o)
                              c:/program files (x86)/microchip/xc32/v1.34/bin/bin/../../lib/gcc/pic32mx/4.5.2/../../../../pic32mx/lib/./proc/32MX250F128B/crt0_mips32r2.o (_bootstrap_exception_handler)
c:/program files (x86)/microchip/xc32/v1.34/bin/bin/../../lib/gcc/pic32mx/4.5.2/../../../../pic32mx/lib\libpic32.a(default-on-reset.o)
                              c:/program files (x86)/microchip/xc32/v1.34/bin/bin/../../lib/gcc/pic32mx/4.5.2/../../../../pic32mx/lib/./proc/32MX250F128B/crt0_mips32r2.o (_on_reset)
c:/program files (x86)/microchip/xc32/v1.34/bin/bin/../../lib/gcc/pic32mx/4.5.2/../../../../pic32mx/lib\libpic32.a(default-on-bootstrap.o)
                              c:/program files (x86)/microchip/xc32/v1.34/bin/bin/../../lib/gcc/pic32mx/4.5.2/../../../../pic32mx/lib/./proc/32MX250F128B/crt0_mips32r2.o (_on_bootstrap)
c:/program files (x86)/microchip/xc32/v1.34/bin/bin/../../lib/gcc/pic32mx/4.5.2/../../../../pic32mx/lib\libpic32.a(default-nmi-handler.o)
                              c:/program files (x86)/microchip/xc32/v1.34/bin/bin/../../lib/gcc/pic32mx/4.5.2/../../../../pic32mx/lib/./proc/32MX250F128B/crt0_mips32r2.o (_nmi_handler)
c:/program files (x86)/microchip/xc32/v1.34/bin/bin/../../lib/gcc/pic32mx/4.5.2/../../../../pic32mx/lib\libpic32.a(general-exception.o)
                              c:/program files (x86)/microchip/xc32/v1.34/bin/bin/../../lib/gcc/pic32mx/4.5.2/../../../../pic32mx/lib/./proc/32MX250F128B/crt0_mips32r2.o (_general_exception_context)
c:/program files (x86)/microchip/xc32/v1.34/bin/bin/../../lib/gcc/pic32mx/4.5.2/../../../../pic32mx/lib\libpic32.a(vector0.o)
                              c:/program files (x86)/microchip/xc32/v1.34/bin/bin/../../lib/gcc/pic32mx/4.5.2/../../../../pic32mx/lib/./proc/32MX250F128B\default_isr_vectors.o (__vector_dispatch_0)
c:/program files (x86)/microchip/xc32/v1.34/bin/bin/../../lib/gcc/pic32mx/4.5.2/../../../../pic32mx/lib\libpic32.a(vector1.o)
                              c:/program files (x86)/microchip/xc32/v1.34/bin/bin/../../lib/gcc/pic32mx/4.5.2/../../../../pic32mx/lib/./proc/32MX250F128B\default_isr_vectors.o (__vector_dispatch_1)
c:/program files (x86)/microchip/xc32/v1.34/bin/bin/../../lib/gcc/pic32mx/4.5.2/../../../../pic32mx/lib\libpic32.a(vector2.o)
                              c:/program files (x86)/microchip/xc32/v1.34/bin/bin/../../lib/gcc/pic32mx/4.5.2/../../../../pic32mx/lib/./proc/32MX250F128B\default_isr_vectors.o (__vector_dispatch_2)
c:/program files (x86)/microchip/xc32/v1.34/bin/bin/../../lib/gcc/pic32mx/4.5.2/../../../../pic32mx/lib\libpic32.a(vector3.o)
                              c:/program files (x86)/microchip/xc32/v1.34/bin/bin/../../lib/gcc/pic32mx/4.5.2/../../../../pic32mx/lib/./proc/32MX250F128B\default_isr_vectors.o (__vector_dispatch_3)
c:/program files (x86)/microchip/xc32/v1.34/bin/bin/../../lib/gcc/pic32mx/4.5.2/../../../../pic32mx/lib\libpic32.a(vector4.o)
                              c:/program files (x86)/microchip/xc32/v1.34/bin/bin/../../lib/gcc/pic32mx/4.5.2/../../../../pic32mx/lib/./proc/32MX250F128B\default_isr_vectors.o (__vector_dispatch_4)
c:/program files (x86)/microchip/xc32/v1.34/bin/bin/../../lib/gcc/pic32mx/4.5.2/../../../../pic32mx/lib\libpic32.a(vector5.o)
                              c:/program files (x86)/microchip/xc32/v1.34/bin/bin/../../lib/gcc/pic32mx/4.5.2/../../../../pic32mx/lib/./proc/32MX250F128B\default_isr_vectors.o (__vector_dispatch_5)
c:/program files (x86)/microchip/xc32/v1.34/bin/bin/../../lib/gcc/pic32mx/4.5.2/../../../../pic32mx/lib\libpic32.a(vector6.o)
                              c:/program files (x86)/microchip/xc32/v1.34/bin/bin/../../lib/gcc/pic32mx/4.5.2/../../../../pic32mx/lib/./proc/32MX250F128B\default_isr_vectors.o (__vector_dispatch_6)
c:/program files (x86)/microchip/xc32/v1.34/bin/bin/../../lib/gcc/pic32mx/4.5.2/../../../../pic32mx/lib\libpic32.a(vector7.o)
                              c:/program files (x86)/microchip/xc32/v1.34/bin/bin/../../lib/gcc/pic32mx/4.5.2/../../../../pic32mx/lib/./proc/32MX250F128B\default_isr_vectors.o (__vector_dispatch_7)
[...]
Memory Configuration

Name             Origin             Length             Attributes
kseg0_program_mem 0x9d000000         0x0001f000         xr
exception_mem    0x9d01f000         0x00001000
debug_exec_mem   0x9fc00490         0x00000760
kseg0_boot_mem   0x9fc00490         0x00000000
kseg1_boot_mem   0xbfc00000         0x00000490
config3          0xbfc00bf0         0x00000004
config2          0xbfc00bf4         0x00000004
config1          0xbfc00bf8         0x00000004
config0          0xbfc00bfc         0x00000004
kseg1_data_mem   0xa0000000         0x00008000         w !x
sfrs             0xbf800000         0x00100000
configsfrs       0xbfc00bf0         0x00000010
*default*        0x00000000         0xffffffff

Linker script and memory map

LOAD c:/program files (x86)/microchip/xc32/v1.34/bin/bin/../../lib/gcc/pic32mx/4.5.2/../../../../pic32mx/lib/./proc/32MX250F128B/crt0_mips32r2.o
LOAD c:/program files (x86)/microchip/xc32/v1.34/bin/bin/../../lib/gcc/pic32mx/4.5.2/../../../../pic32mx/lib\debug-exception-return.o
LOAD build/pic32mx_usb_sk2_int_dyn/production/_ext/102310384/sys_clk_static.o
LOAD build/pic32mx_usb_sk2_int_dyn/production/_ext/1956551008/sys_ports_static.o
LOAD build/pic32mx_usb_sk2_int_dyn/production/_ext/1774247193/system_init.o
LOAD build/pic32mx_usb_sk2_int_dyn/production/_ext/1774247193/system_tasks.o
LOAD build/pic32mx_usb_sk2_int_dyn/production/_ext/1774247193/system_interrupt.o
LOAD build/pic32mx_usb_sk2_int_dyn/production/_ext/1360937237/app.o
LOAD build/pic32mx_usb_sk2_int_dyn/production/_ext/1360937237/main.o
LOAD build/pic32mx_usb_sk2_int_dyn/production/_ext/1360937237/mouse.o
LOAD build/pic32mx_usb_sk2_int_dyn/production/_ext/1979166340/bsp_sys_init.o
LOAD build/pic32mx_usb_sk2_int_dyn/production/_ext/1585079243/drv_usb.o
LOAD build/pic32mx_usb_sk2_int_dyn/production/_ext/1585079243/drv_usb_device.o
LOAD build/pic32mx_usb_sk2_int_dyn/production/_ext/912498863/sys_devcon.o
LOAD build/pic32mx_usb_sk2_int_dyn/production/_ext/912498863/sys_devcon_pic32mx.o
LOAD build/pic32mx_usb_sk2_int_dyn/production/_ext/711155467/sys_int_pic32.o
LOAD build/pic32mx_usb_sk2_int_dyn/production/_ext/1653354328/sys_ports.o
LOAD build/pic32mx_usb_sk2_int_dyn/production/_ext/692885480/usb_device.o
LOAD build/pic32mx_usb_sk2_int_dyn/production/_ext/692885480/usb_device_hid.o
LOAD build/pic32mx_usb_sk2_int_dyn/production/_ext/1774247193/i2c_display.o
LOAD build/pic32mx_usb_sk2_int_dyn/production/_ext/1774247193/i2c_master_int.o
LOAD build/pic32mx_usb_sk2_int_dyn/production/_ext/1774247193/spi_accel.o
LOAD ..\..\..\..\..\..\bin\framework\peripheral\PIC32MX795F512L_peripherals.a
                0x00000001                __MPLAB_BUILD = 0x1
                0x00000000                _min_heap_size = 0x0
LOAD c:/program files (x86)/microchip/xc32/v1.34/bin/bin/../../lib/gcc/pic32mx/4.5.2/../../../../pic32mx/lib/./proc/32MX250F128B\default_isr_vectors.o
LOAD c:/program files (x86)/microchip/xc32/v1.34/bin/bin/../../lib/gcc/pic32mx/4.5.2/../../../../pic32mx/lib\pic32_software_reset.o
                0x00000400                PROVIDE (_min_stack_size, 0x400)
LOAD c:/program files (x86)/microchip/xc32/v1.34/bin/bin/../../lib/gcc/pic32mx/4.5.2/../../../../pic32mx/lib/./proc/32MX250F128B\processor.o
START GROUP
LOAD c:/program files (x86)/microchip/xc32/v1.34/bin/bin/../../lib/gcc/pic32mx/4.5.2/../../../../pic32mx/lib\libmchp_peripheral.a
END GROUP
START GROUP
LOAD c:/program files (x86)/microchip/xc32/v1.34/bin/bin/../../lib/gcc/pic32mx/4.5.2/../../../../pic32mx/lib\libmchp_peripheral_32MX250F128B.a
END GROUP
                0x00000001                PROVIDE (_vector_spacing, 0x1)
                0x9d01f000                _ebase_address = 0x9d01f000
                0xbfc00000                _RESET_ADDR = 0xbfc00000
                0xbfc00380                _BEV_EXCPT_ADDR = 0xbfc00380
                0xbfc00480                _DBG_EXCPT_ADDR = 0xbfc00480
                0x9fc00490                _DBG_CODE_ADDR = 0x9fc00490
                0x00000760                _DBG_CODE_SIZE = 0x760
                0x9d01f180                _GEN_EXCPT_ADDR = (_ebase_address + 0x180)

.config_BFC00BF0
                0xbfc00bf0        0x4
 *(.config_BFC00BF0)
 .config_BFC00BF0
                0xbfc00bf0        0x4 build/pic32mx_usb_sk2_int_dyn/production/_ext/1774247193/system_init.o

.config_BFC00BF4
                0xbfc00bf4        0x4
 *(.config_BFC00BF4)
 .config_BFC00BF4
                0xbfc00bf4        0x4 build/pic32mx_usb_sk2_int_dyn/production/_ext/1774247193/system_init.o

.config_BFC00BF8
                0xbfc00bf8        0x4
 *(.config_BFC00BF8)
 .config_BFC00BF8
                0xbfc00bf8        0x4 build/pic32mx_usb_sk2_int_dyn/production/_ext/1774247193/system_init.o

.config_BFC00BFC
                0xbfc00bfc        0x4
 *(.config_BFC00BFC)
 .config_BFC00BFC
                0xbfc00bfc        0x4 build/pic32mx_usb_sk2_int_dyn/production/_ext/1774247193/system_init.o
                0xbfc02000                PROVIDE (_DBG_CODE_ADDR, 0xbfc02000)
                0x00000ff0                PROVIDE (_DBG_CODE_SIZE, 0xff0)

.reset          0xbfc00000      0x1cc
 *(.reset)
 .reset         0xbfc00000        0x8 c:/program files (x86)/microchip/xc32/v1.34/bin/bin/../../lib/gcc/pic32mx/4.5.2/../../../../pic32mx/lib/./proc/32MX250F128B/crt0_mips32r2.o
                0xbfc00000                _reset
 *(.reset.startup)
 .reset.startup
                0xbfc00008      0x1c4 c:/program files (x86)/microchip/xc32/v1.34/bin/bin/../../lib/gcc/pic32mx/4.5.2/../../../../pic32mx/lib/./proc/32MX250F128B/crt0_mips32r2.o

.bev_excpt      0xbfc00380       0x10
 *(.bev_handler)
 .bev_handler   0xbfc00380       0x10 c:/program files (x86)/microchip/xc32/v1.34/bin/bin/../../lib/gcc/pic32mx/4.5.2/../../../../pic32mx/lib/./proc/32MX250F128B/crt0_mips32r2.o

.dbg_excpt      0xbfc00480        0x0
                0xbfc00480                . = (. + DEFINED (_DEBUGGER)?0x8:0x0)

.dbg_code       0x9fc00490        0x0
                0x9fc00490                . = (. + DEFINED (_DEBUGGER)?_DBG_CODE_SIZE:0x0)

.app_excpt      0x9d01f180       0x10
 *(.gen_handler)
 .gen_handler   0x9d01f180       0x10 c:/program files (x86)/microchip/xc32/v1.34/bin/bin/../../lib/gcc/pic32mx/4.5.2/../../../../pic32mx/lib/./proc/32MX250F128B/crt0_mips32r2.o

.vector_0       0x9d01f200        0x8
 *(.vector_0)
 .vector_0      0x9d01f200        0x8 c:/program files (x86)/microchip/xc32/v1.34/bin/bin/../../lib/gcc/pic32mx/4.5.2/../../../../pic32mx/lib\libpic32.a(vector0.o)
                0x9d01f200                __vector_dispatch_0
                0x00000001                ASSERT (((_vector_spacing == 0x0) || (SIZEOF (.vector_0) <= (_vector_spacing << 0x5))), function at exception vector 0 too large)

.vector_1       0x9d01f220        0x8
 *(.vector_1)
 .vector_1      0x9d01f220        0x8 c:/program files (x86)/microchip/xc32/v1.34/bin/bin/../../lib/gcc/pic32mx/4.5.2/../../../../pic32mx/lib\libpic32.a(vector1.o)
                0x9d01f220                __vector_dispatch_1
                0x00000001                ASSERT (((_vector_spacing == 0x0) || (SIZEOF (.vector_1) <= (_vector_spacing << 0x5))), function at exception vector 1 too large)

.vector_2       0x9d01f240        0x8
 *(.vector_2)
 .vector_2      0x9d01f240        0x8 c:/program files (x86)/microchip/xc32/v1.34/bin/bin/../../lib/gcc/pic32mx/4.5.2/../../../../pic32mx/lib\libpic32.a(vector2.o)
                0x9d01f240                __vector_dispatch_2
                0x00000001                ASSERT (((_vector_spacing == 0x0) || (SIZEOF (.vector_2) <= (_vector_spacing << 0x5))), function at exception vector 2 too large)

.vector_3       0x9d01f260        0x8
 *(.vector_3)
 .vector_3      0x9d01f260        0x8 c:/program files (x86)/microchip/xc32/v1.34/bin/bin/../../lib/gcc/pic32mx/4.5.2/../../../../pic32mx/lib\libpic32.a(vector3.o)
                0x9d01f260                __vector_dispatch_3
                0x00000001                ASSERT (((_vector_spacing == 0x0) || (SIZEOF (.vector_3) <= (_vector_spacing << 0x5))), function at exception vector 3 too large)

.vector_4       0x9d01f280        0x8
 *(.vector_4)
 .vector_4      0x9d01f280        0x8 c:/program files (x86)/microchip/xc32/v1.34/bin/bin/../../lib/gcc/pic32mx/4.5.2/../../../../pic32mx/lib\libpic32.a(vector4.o)
                0x9d01f280                __vector_dispatch_4
                0x00000001                ASSERT (((_vector_spacing == 0x0) || (SIZEOF (.vector_4) <= (_vector_spacing << 0x5))), function at exception vector 4 too large)

.vector_5       0x9d01f2a0        0x8
 *(.vector_5)
 .vector_5      0x9d01f2a0        0x8 c:/program files (x86)/microchip/xc32/v1.34/bin/bin/../../lib/gcc/pic32mx/4.5.2/../../../../pic32mx/lib\libpic32.a(vector5.o)
                0x9d01f2a0                __vector_dispatch_5
                0x00000001                ASSERT (((_vector_spacing == 0x0) || (SIZEOF (.vector_5) <= (_vector_spacing << 0x5))), function at exception vector 5 too large)

.vector_6       0x9d01f2c0        0x8
 *(.vector_6)
 .vector_6      0x9d01f2c0        0x8 c:/program files (x86)/microchip/xc32/v1.34/bin/bin/../../lib/gcc/pic32mx/4.5.2/../../../../pic32mx/lib\libpic32.a(vector6.o)
                0x9d01f2c0                __vector_dispatch_6
                0x00000001                ASSERT (((_vector_spacing == 0x0) || (SIZEOF (.vector_6) <= (_vector_spacing << 0x5))), function at exception vector 6 too large)

.vector_7       0x9d01f2e0        0x8
 *(.vector_7)
 .vector_7      0x9d01f2e0        0x8 c:/program files (x86)/microchip/xc32/v1.34/bin/bin/../../lib/gcc/pic32mx/4.5.2/../../../../pic32mx/lib\libpic32.a(vector7.o)
                0x9d01f2e0                __vector_dispatch_7
                0x00000001                ASSERT (((_vector_spacing == 0x0) || (SIZEOF (.vector_7) <= (_vector_spacing << 0x5))), function at exception vector 7 too large)

.vector_8       0x9d01f300        0x8
 *(.vector_8)
 .vector_8      0x9d01f300        0x8 c:/program files (x86)/microchip/xc32/v1.34/bin/bin/../../lib/gcc/pic32mx/4.5.2/../../../../pic32mx/lib\libpic32.a(vector8.o)
                0x9d01f300                __vector_dispatch_8
                0x00000001                ASSERT (((_vector_spacing == 0x0) || (SIZEOF (.vector_8) <= (_vector_spacing << 0x5))), function at exception vector 8 too large)

.vector_9       0x9d01f320        0x8
 *(.vector_9)
 .vector_9      0x9d01f320        0x8 c:/program files (x86)/microchip/xc32/v1.34/bin/bin/../../lib/gcc/pic32mx/4.5.2/../../../../pic32mx/lib\libpic32.a(vector9.o)
                0x9d01f320                __vector_dispatch_9
                0x00000001                ASSERT (((_vector_spacing == 0x0) || (SIZEOF (.vector_9) <= (_vector_spacing << 0x5))), function at exception vector 9 too large)

.vector_10      0x9d01f340        0x8
 *(.vector_10)
 .vector_10     0x9d01f340        0x8 c:/program files (x86)/microchip/xc32/v1.34/bin/bin/../../lib/gcc/pic32mx/4.5.2/../../../../pic32mx/lib\libpic32.a(vector10.o)
                0x9d01f340                __vector_dispatch_10
                0x00000001                ASSERT (((_vector_spacing == 0x0) || (SIZEOF (.vector_10) <= (_vector_spacing << 0x5))), function at exception vector 10 too large)

.vector_11      0x9d01f360        0x8
 *(.vector_11)
 .vector_11     0x9d01f360        0x8 c:/program files (x86)/microchip/xc32/v1.34/bin/bin/../../lib/gcc/pic32mx/4.5.2/../../../../pic32mx/lib\libpic32.a(vector11.o)
                0x9d01f360                __vector_dispatch_11
                0x00000001                ASSERT (((_vector_spacing == 0x0) || (SIZEOF (.vector_11) <= (_vector_spacing << 0x5))), function at exception vector 11 too large)

.vector_12      0x9d01f380        0x8
 *(.vector_12)
 .vector_12     0x9d01f380        0x8 c:/program files (x86)/microchip/xc32/v1.34/bin/bin/../../lib/gcc/pic32mx/4.5.2/../../../../pic32mx/lib\libpic32.a(vector12.o)
                0x9d01f380                __vector_dispatch_12
                0x00000001                ASSERT (((_vector_spacing == 0x0) || (SIZEOF (.vector_12) <= (_vector_spacing << 0x5))), function at exception vector 12 too large)

.vector_13      0x9d01f3a0        0x8
 *(.vector_13)
 .vector_13     0x9d01f3a0        0x8 c:/program files (x86)/microchip/xc32/v1.34/bin/bin/../../lib/gcc/pic32mx/4.5.2/../../../../pic32mx/lib\libpic32.a(vector13.o)
                0x9d01f3a0                __vector_dispatch_13
                0x00000001                ASSERT (((_vector_spacing == 0x0) || (SIZEOF (.vector_13) <= (_vector_spacing << 0x5))), function at exception vector 13 too large)

.vector_14      0x9d01f3c0        0x8
 *(.vector_14)
 .vector_14     0x9d01f3c0        0x8 c:/program files (x86)/microchip/xc32/v1.34/bin/bin/../../lib/gcc/pic32mx/4.5.2/../../../../pic32mx/lib\libpic32.a(vector14.o)
                0x9d01f3c0                __vector_dispatch_14
                0x00000001                ASSERT (((_vector_spacing == 0x0) || (SIZEOF (.vector_14) <= (_vector_spacing << 0x5))), function at exception vector 14 too large)

.vector_15      0x9d01f3e0        0x8
 *(.vector_15)
 .vector_15     0x9d01f3e0        0x8 c:/program files (x86)/microchip/xc32/v1.34/bin/bin/../../lib/gcc/pic32mx/4.5.2/../../../../pic32mx/lib\libpic32.a(vector15.o)
                0x9d01f3e0                __vector_dispatch_15
                0x00000001                ASSERT (((_vector_spacing == 0x0) || (SIZEOF (.vector_15) <= (_vector_spacing << 0x5))), function at exception vector 15 too large)

.vector_16      0x9d01f400        0x8
 *(.vector_16)
 .vector_16     0x9d01f400        0x8 c:/program files (x86)/microchip/xc32/v1.34/bin/bin/../../lib/gcc/pic32mx/4.5.2/../../../../pic32mx/lib\libpic32.a(vector16.o)
                0x9d01f400                __vector_dispatch_16
                0x00000001                ASSERT (((_vector_spacing == 0x0) || (SIZEOF (.vector_16) <= (_vector_spacing << 0x5))), function at exception vector 16 too large)

.vector_17      0x9d01f420        0x8
 *(.vector_17)
 .vector_17     0x9d01f420        0x8 c:/program files (x86)/microchip/xc32/v1.34/bin/bin/../../lib/gcc/pic32mx/4.5.2/../../../../pic32mx/lib\libpic32.a(vector17.o)
                0x9d01f420                __vector_dispatch_17
                0x00000001                ASSERT (((_vector_spacing == 0x0) || (SIZEOF (.vector_17) <= (_vector_spacing << 0x5))), function at exception vector 17 too large)

.vector_18      0x9d01f440        0x8
 *(.vector_18)
 .vector_18     0x9d01f440        0x8 c:/program files (x86)/microchip/xc32/v1.34/bin/bin/../../lib/gcc/pic32mx/4.5.2/../../../../pic32mx/lib\libpic32.a(vector18.o)
                0x9d01f440                __vector_dispatch_18
                0x00000001                ASSERT (((_vector_spacing == 0x0) || (SIZEOF (.vector_18) <= (_vector_spacing << 0x5))), function at exception vector 18 too large)

.vector_19      0x9d01f460        0x8
 *(.vector_19)
 .vector_19     0x9d01f460        0x8 c:/program files (x86)/microchip/xc32/v1.34/bin/bin/../../lib/gcc/pic32mx/4.5.2/../../../../pic32mx/lib\libpic32.a(vector19.o)
                0x9d01f460                __vector_dispatch_19
                0x00000001                ASSERT (((_vector_spacing == 0x0) || (SIZEOF (.vector_19) <= (_vector_spacing << 0x5))), function at exception vector 19 too large)

.vector_20      0x9d01f480        0x8
 *(.vector_20)
 .vector_20     0x9d01f480        0x8 c:/program files (x86)/microchip/xc32/v1.34/bin/bin/../../lib/gcc/pic32mx/4.5.2/../../../../pic32mx/lib\libpic32.a(vector20.o)
                0x9d01f480                __vector_dispatch_20
                0x00000001                ASSERT (((_vector_spacing == 0x0) || (SIZEOF (.vector_20) <= (_vector_spacing << 0x5))), function at exception vector 20 too large)

.vector_21      0x9d01f4a0        0x8
 *(.vector_21)
 .vector_21     0x9d01f4a0        0x8 c:/program files (x86)/microchip/xc32/v1.34/bin/bin/../../lib/gcc/pic32mx/4.5.2/../../../../pic32mx/lib\libpic32.a(vector21.o)
                0x9d01f4a0                __vector_dispatch_21
                0x00000001                ASSERT (((_vector_spacing == 0x0) || (SIZEOF (.vector_21) <= (_vector_spacing << 0x5))), function at exception vector 21 too large)

.vector_22      0x9d01f4c0        0x8
 *(.vector_22)
 .vector_22     0x9d01f4c0        0x8 c:/program files (x86)/microchip/xc32/v1.34/bin/bin/../../lib/gcc/pic32mx/4.5.2/../../../../pic32mx/lib\libpic32.a(vector22.o)
                0x9d01f4c0                __vector_dispatch_22
                0x00000001                ASSERT (((_vector_spacing == 0x0) || (SIZEOF (.vector_22) <= (_vector_spacing << 0x5))), function at exception vector 22 too large)

.vector_23      0x9d01f4e0        0x8
 *(.vector_23)
 .vector_23     0x9d01f4e0        0x8 c:/program files (x86)/microchip/xc32/v1.34/bin/bin/../../lib/gcc/pic32mx/4.5.2/../../../../pic32mx/lib\libpic32.a(vector23.o)
                0x9d01f4e0                __vector_dispatch_23
                0x00000001                ASSERT (((_vector_spacing == 0x0) || (SIZEOF (.vector_23) <= (_vector_spacing << 0x5))), function at exception vector 23 too large)

.vector_24      0x9d01f500        0x8
 *(.vector_24)
 .vector_24     0x9d01f500        0x8 c:/program files (x86)/microchip/xc32/v1.34/bin/bin/../../lib/gcc/pic32mx/4.5.2/../../../../pic32mx/lib\libpic32.a(vector24.o)
                0x9d01f500                __vector_dispatch_24
                0x00000001                ASSERT (((_vector_spacing == 0x0) || (SIZEOF (.vector_24) <= (_vector_spacing << 0x5))), function at exception vector 24 too large)

.vector_25      0x9d01f520        0x8
 *(.vector_25)
 .vector_25     0x9d01f520        0x8 c:/program files (x86)/microchip/xc32/v1.34/bin/bin/../../lib/gcc/pic32mx/4.5.2/../../../../pic32mx/lib\libpic32.a(vector25.o)
                0x9d01f520                __vector_dispatch_25
                0x00000001                ASSERT (((_vector_spacing == 0x0) || (SIZEOF (.vector_25) <= (_vector_spacing << 0x5))), function at exception vector 25 too large)

.vector_26      0x9d01f540        0x8
 *(.vector_26)
 .vector_26     0x9d01f540        0x8 c:/program files (x86)/microchip/xc32/v1.34/bin/bin/../../lib/gcc/pic32mx/4.5.2/../../../../pic32mx/lib\libpic32.a(vector26.o)
                0x9d01f540                __vector_dispatch_26
                0x00000001                ASSERT (((_vector_spacing == 0x0) || (SIZEOF (.vector_26) <= (_vector_spacing << 0x5))), function at exception vector 26 too large)

.vector_27      0x9d01f560        0x8
 *(.vector_27)
 .vector_27     0x9d01f560        0x8 c:/program files (x86)/microchip/xc32/v1.34/bin/bin/../../lib/gcc/pic32mx/4.5.2/../../../../pic32mx/lib\libpic32.a(vector27.o)
                0x9d01f560                __vector_dispatch_27
                0x00000001                ASSERT (((_vector_spacing == 0x0) || (SIZEOF (.vector_27) <= (_vector_spacing << 0x5))), function at exception vector 27 too large)

.vector_28      0x9d01f580        0x8
 *(.vector_28)
 .vector_28     0x9d01f580        0x8 c:/program files (x86)/microchip/xc32/v1.34/bin/bin/../../lib/gcc/pic32mx/4.5.2/../../../../pic32mx/lib\libpic32.a(vector28.o)
                0x9d01f580                __vector_dispatch_28
                0x00000001                ASSERT (((_vector_spacing == 0x0) || (SIZEOF (.vector_28) <= (_vector_spacing << 0x5))), function at exception vector 28 too large)

.vector_29      0x9d01f5a0        0x8
 *(.vector_29)
 .vector_29     0x9d01f5a0        0x8 c:/program files (x86)/microchip/xc32/v1.34/bin/bin/../../lib/gcc/pic32mx/4.5.2/../../../../pic32mx/lib\libpic32.a(vector29.o)
                0x9d01f5a0                __vector_dispatch_29
                0x00000001                ASSERT (((_vector_spacing == 0x0) || (SIZEOF (.vector_29) <= (_vector_spacing << 0x5))), function at exception vector 29 too large)

.vector_30      0x9d01f5c0        0x8
 *(.vector_30)
 .vector_30     0x9d01f5c0        0x8 build/pic32mx_usb_sk2_int_dyn/production/_ext/1774247193/system_interrupt.o
                0x9d01f5c0                __vector_dispatch_30
                0x00000001                ASSERT (((_vector_spacing == 0x0) || (SIZEOF (.vector_30) <= (_vector_spacing << 0x5))), function at exception vector 30 too large)

.vector_31      0x9d01f5e0        0x8
 *(.vector_31)
 .vector_31     0x9d01f5e0        0x8 c:/program files (x86)/microchip/xc32/v1.34/bin/bin/../../lib/gcc/pic32mx/4.5.2/../../../../pic32mx/lib\libpic32.a(vector31.o)
                0x9d01f5e0                __vector_dispatch_31
                0x00000001                ASSERT (((_vector_spacing == 0x0) || (SIZEOF (.vector_31) <= (_vector_spacing << 0x5))), function at exception vector 31 too large)

.vector_32      0x9d01f600        0x8
 *(.vector_32)
 .vector_32     0x9d01f600        0x8 c:/program files (x86)/microchip/xc32/v1.34/bin/bin/../../lib/gcc/pic32mx/4.5.2/../../../../pic32mx/lib\libpic32.a(vector32.o)
                0x9d01f600                __vector_dispatch_32
                0x00000001                ASSERT (((_vector_spacing == 0x0) || (SIZEOF (.vector_32) <= (_vector_spacing << 0x5))), function at exception vector 32 too large)

.vector_33      0x9d01f620        0x8
 *(.vector_33)
 .vector_33     0x9d01f620        0x8 build/pic32mx_usb_sk2_int_dyn/production/_ext/1774247193/i2c_master_int.o
                0x9d01f620                __vector_dispatch_33
                0x00000001                ASSERT (((_vector_spacing == 0x0) || (SIZEOF (.vector_33) <= (_vector_spacing << 0x5))), function at exception vector 33 too large)

.vector_34      0x9d01f640        0x8
 *(.vector_34)
 .vector_34     0x9d01f640        0x8 c:/program files (x86)/microchip/xc32/v1.34/bin/bin/../../lib/gcc/pic32mx/4.5.2/../../../../pic32mx/lib\libpic32.a(vector34.o)
                0x9d01f640                __vector_dispatch_34
                0x00000001                ASSERT (((_vector_spacing == 0x0) || (SIZEOF (.vector_34) <= (_vector_spacing << 0x5))), function at exception vector 34 too large)

.vector_35      0x9d01f660        0x8
 *(.vector_35)
 .vector_35     0x9d01f660        0x8 c:/program files (x86)/microchip/xc32/v1.34/bin/bin/../../lib/gcc/pic32mx/4.5.2/../../../../pic32mx/lib\libpic32.a(vector35.o)
                0x9d01f660                __vector_dispatch_35
                0x00000001                ASSERT (((_vector_spacing == 0x0) || (SIZEOF (.vector_35) <= (_vector_spacing << 0x5))), function at exception vector 35 too large)

.vector_36      0x9d01f680        0x8
 *(.vector_36)
 .vector_36     0x9d01f680        0x8 c:/program files (x86)/microchip/xc32/v1.34/bin/bin/../../lib/gcc/pic32mx/4.5.2/../../../../pic32mx/lib\libpic32.a(vector36.o)
                0x9d01f680                __vector_dispatch_36
                0x00000001                ASSERT (((_vector_spacing == 0x0) || (SIZEOF (.vector_36) <= (_vector_spacing << 0x5))), function at exception vector 36 too large)

.vector_37      0x9d01f6a0        0x8
 *(.vector_37)
 .vector_37     0x9d01f6a0        0x8 c:/program files (x86)/microchip/xc32/v1.34/bin/bin/../../lib/gcc/pic32mx/4.5.2/../../../../pic32mx/lib\libpic32.a(vector37.o)
                0x9d01f6a0                __vector_dispatch_37
                0x00000001                ASSERT (((_vector_spacing == 0x0) || (SIZEOF (.vector_37) <= (_vector_spacing << 0x5))), function at exception vector 37 too large)

.vector_38      0x9d01f6c0        0x8
 *(.vector_38)
 .vector_38     0x9d01f6c0        0x8 c:/program files (x86)/microchip/xc32/v1.34/bin/bin/../../lib/gcc/pic32mx/4.5.2/../../../../pic32mx/lib\libpic32.a(vector38.o)
                0x9d01f6c0                __vector_dispatch_38
                0x00000001                ASSERT (((_vector_spacing == 0x0) || (SIZEOF (.vector_38) <= (_vector_spacing << 0x5))), function at exception vector 38 too large)

.vector_39      0x9d01f6e0        0x8
 *(.vector_39)
 .vector_39     0x9d01f6e0        0x8 c:/program files (x86)/microchip/xc32/v1.34/bin/bin/../../lib/gcc/pic32mx/4.5.2/../../../../pic32mx/lib\libpic32.a(vector39.o)
                0x9d01f6e0                __vector_dispatch_39
                0x00000001                ASSERT (((_vector_spacing == 0x0) || (SIZEOF (.vector_39) <= (_vector_spacing << 0x5))), function at exception vector 39 too large)

.vector_40      0x9d01f700        0x8
 *(.vector_40)
 .vector_40     0x9d01f700        0x8 c:/program files (x86)/microchip/xc32/v1.34/bin/bin/../../lib/gcc/pic32mx/4.5.2/../../../../pic32mx/lib\libpic32.a(vector40.o)
                0x9d01f700                __vector_dispatch_40
                0x00000001                ASSERT (((_vector_spacing == 0x0) || (SIZEOF (.vector_40) <= (_vector_spacing << 0x5))), function at exception vector 40 too large)

.vector_41      0x9d01f720        0x8
 *(.vector_41)
 .vector_41     0x9d01f720        0x8 c:/program files (x86)/microchip/xc32/v1.34/bin/bin/../../lib/gcc/pic32mx/4.5.2/../../../../pic32mx/lib\libpic32.a(vector41.o)
                0x9d01f720                __vector_dispatch_41
                0x00000001                ASSERT (((_vector_spacing == 0x0) || (SIZEOF (.vector_41) <= (_vector_spacing << 0x5))), function at exception vector 41 too large)

.vector_42      0x9d01f740        0x8
 *(.vector_42)
 .vector_42     0x9d01f740        0x8 c:/program files (x86)/microchip/xc32/v1.34/bin/bin/../../lib/gcc/pic32mx/4.5.2/../../../../pic32mx/lib\libpic32.a(vector42.o)
                0x9d01f740                __vector_dispatch_42
                0x00000001                ASSERT (((_vector_spacing == 0x0) || (SIZEOF (.vector_42) <= (_vector_spacing << 0x5))), function at exception vector 42 too large)

.vector_43      0x9d01f760        0x8
 *(.vector_43)
 .vector_43     0x9d01f760        0x8 c:/program files (x86)/microchip/xc32/v1.34/bin/bin/../../lib/gcc/pic32mx/4.5.2/../../../../pic32mx/lib\libpic32.a(vector43.o)
                0x9d01f760                __vector_dispatch_43
                0x00000001                ASSERT (((_vector_spacing == 0x0) || (SIZEOF (.vector_43) <= (_vector_spacing << 0x5))), function at exception vector 43 too large)

.vector_44      0x9d01f780        0x0
 *(.vector_44)
                0x00000001                ASSERT (((_vector_spacing == 0x0) || (SIZEOF (.vector_44) <= (_vector_spacing << 0x5))), function at exception vector 44 too large)

.vector_45      0x9d01f7a0        0x0
 *(.vector_45)
                0x00000001                ASSERT (((_vector_spacing == 0x0) || (SIZEOF (.vector_45) <= (_vector_spacing << 0x5))), function at exception vector 45 too large)

.vector_46      0x9d01f7c0        0x0
 *(.vector_46)
                0x00000001                ASSERT (((_vector_spacing == 0x0) || (SIZEOF (.vector_46) <= (_vector_spacing << 0x5))), function at exception vector 46 too large)

.vector_47      0x9d01f7e0        0x0
 *(.vector_47)
                0x00000001                ASSERT (((_vector_spacing == 0x0) || (SIZEOF (.vector_47) <= (_vector_spacing << 0x5))), function at exception vector 47 too large)

.vector_48      0x9d01f800        0x0
 *(.vector_48)
                0x00000001                ASSERT (((_vector_spacing == 0x0) || (SIZEOF (.vector_48) <= (_vector_spacing << 0x5))), function at exception vector 48 too large)

.vector_49      0x9d01f820        0x0
 *(.vector_49)
                0x00000001                ASSERT (((_vector_spacing == 0x0) || (SIZEOF (.vector_49) <= (_vector_spacing << 0x5))), function at exception vector 49 too large)

.vector_50      0x9d01f840        0x0
 *(.vector_50)
                0x00000001                ASSERT (((_vector_spacing == 0x0) || (SIZEOF (.vector_50) <= (_vector_spacing << 0x5))), function at exception vector 50 too large)

.vector_51      0x9d01f860        0x0
 *(.vector_51)
                0x00000001                ASSERT (((_vector_spacing == 0x0) || (SIZEOF (.vector_51) <= (_vector_spacing << 0x5))), function at exception vector 51 too large)

.vector_52      0x9d01f880        0x0
 *(.vector_52)
                0x00000001                ASSERT (((_vector_spacing == 0x0) || (SIZEOF (.vector_52) <= (_vector_spacing << 0x5))), function at exception vector 52 too large)

.vector_53      0x9d01f8a0        0x0
 *(.vector_53)
                0x00000001                ASSERT (((_vector_spacing == 0x0) || (SIZEOF (.vector_53) <= (_vector_spacing << 0x5))), function at exception vector 53 too large)

.vector_54      0x9d01f8c0        0x0
 *(.vector_54)
                0x00000001                ASSERT (((_vector_spacing == 0x0) || (SIZEOF (.vector_54) <= (_vector_spacing << 0x5))), function at exception vector 54 too large)

.vector_55      0x9d01f8e0        0x0
 *(.vector_55)
                0x00000001                ASSERT (((_vector_spacing == 0x0) || (SIZEOF (.vector_55) <= (_vector_spacing << 0x5))), function at exception vector 55 too large)

.vector_56      0x9d01f900        0x0
 *(.vector_56)
                0x00000001                ASSERT (((_vector_spacing == 0x0) || (SIZEOF (.vector_56) <= (_vector_spacing << 0x5))), function at exception vector 56 too large)

.vector_57      0x9d01f920        0x0
 *(.vector_57)
                0x00000001                ASSERT (((_vector_spacing == 0x0) || (SIZEOF (.vector_57) <= (_vector_spacing << 0x5))), function at exception vector 57 too large)

.vector_58      0x9d01f940        0x0
 *(.vector_58)
                0x00000001                ASSERT (((_vector_spacing == 0x0) || (SIZEOF (.vector_58) <= (_vector_spacing << 0x5))), function at exception vector 58 too large)

.vector_59      0x9d01f960        0x0
 *(.vector_59)
                0x00000001                ASSERT (((_vector_spacing == 0x0) || (SIZEOF (.vector_59) <= (_vector_spacing << 0x5))), function at exception vector 59 too large)

.vector_60      0x9d01f980        0x0
 *(.vector_60)
                0x00000001                ASSERT (((_vector_spacing == 0x0) || (SIZEOF (.vector_60) <= (_vector_spacing << 0x5))), function at exception vector 60 too large)

.vector_61      0x9d01f9a0        0x0
 *(.vector_61)
                0x00000001                ASSERT (((_vector_spacing == 0x0) || (SIZEOF (.vector_61) <= (_vector_spacing << 0x5))), function at exception vector 61 too large)

.vector_62      0x9d01f9c0        0x0
 *(.vector_62)
                0x00000001                ASSERT (((_vector_spacing == 0x0) || (SIZEOF (.vector_62) <= (_vector_spacing << 0x5))), function at exception vector 62 too large)

.vector_63      0x9d01f9e0        0x0
 *(.vector_63)
                0x00000001                ASSERT (((_vector_spacing == 0x0) || (SIZEOF (.vector_63) <= (_vector_spacing << 0x5))), function at exception vector 63 too large)

.startup
 *(.startup)

.text           0x9d000000        0x0
 *(.stub .gnu.linkonce.t.*)
 *(.text.*personality*)
 *(.mips16.fn.*)
 *(.mips16.call.*)
 *(.gnu.warning)
                0x9d000000                . = ALIGN (0x4)

.init           0x9d000000        0x0
 *crti.o(.init)
 *crtbegin.o(.init)
 *(EXCLUDE_FILE(*crtn.o *crtend?.o *crtend.o) .init)
 *crtend.o(.init)
 *crtn.o(.init)
                0x9d000000                . = ALIGN (0x4)

.fini           0x9d000000        0x0
 *(.fini)
                0x9d000000                . = ALIGN (0x4)

.preinit_array  0x9d000000        0x0
                0x9d000000                PROVIDE (__preinit_array_start, .)
 *(.preinit_array)
                0x9d000000                PROVIDE (__preinit_array_end, .)
                0x9d000000                . = ALIGN (0x4)

.init_array     0x9d000000        0x0
                0x9d000000                PROVIDE (__init_array_start, .)
 *(SORT(.init_array.*))
 *(.init_array)
                0x9d000000                PROVIDE (__init_array_end, .)
                0x9d000000                . = ALIGN (0x4)

.fini_array     0x9d000000        0x0
                0x9d000000                PROVIDE (__fini_array_start, .)
 *(SORT(.fini_array.*))
 *(.fini_array)
                0x9d000000                PROVIDE (__fini_array_end, .)
                0x9d000000                . = ALIGN (0x4)

.ctors          0x9d000000        0x0
 *crtbegin.o(.ctors)
 *crtbegin?.o(.ctors)
 *(EXCLUDE_FILE(*crtend?.o *crtend.o) .ctors)
 *(SORT(.ctors.*))
 *(.ctors)
                0x9d000000                . = ALIGN (0x4)

.dtors          0x9d000000        0x0
 *crtbegin.o(.dtors)
 *crtbegin?.o(.dtors)
 *(EXCLUDE_FILE(*crtend?.o *crtend.o) .dtors)
 *(SORT(.dtors.*))
 *(.dtors)
                0x9d000000                . = ALIGN (0x4)

.rodata         0x9d000000        0x0
 *(.gnu.linkonce.r.*)
 *(.rodata1)
                0x9d000000                . = ALIGN (0x4)

.sdata2         0x9fc00490        0x0
 *(.sdata2 .sdata2.* .gnu.linkonce.s2.*)
                0x9fc00490                . = ALIGN (0x4)

.sbss2          0x9fc00490        0x0
 *(.sbss2 .sbss2.* .gnu.linkonce.sb2.*)
                0x9fc00490                . = ALIGN (0x4)

.eh_frame_hdr
 *(.eh_frame_hdr)
                0x9fc00490                . = ALIGN (0x4)

.eh_frame
 *(.eh_frame)
                0x9fc00490                . = ALIGN (0x4)

.gcc_except_table
 *(.gcc_except_table .gcc_except_table.*)
                0x9fc00490                . = ALIGN (0x4)

.dbg_data       0xa0000000        0x0
                0xa0000000                . = (. + DEFINED (_DEBUGGER)?0x200:0x0)

.jcr            0xa0000000        0x0
 *(.jcr)
                0xa0000000                . = ALIGN (0x4)

.eh_frame       0xa0000000       0x30
 *(.eh_frame)
 .eh_frame      0xa0000000       0x20 c:/program files (x86)/microchip/xc32/v1.34/bin/bin/../../lib/gcc/pic32mx/4.5.2\libgcc.a(_udivdi3.o)
 .eh_frame      0xa0000020       0x10 c:/program files (x86)/microchip/xc32/v1.34/bin/bin/../../lib/gcc/pic32mx/4.5.2\libgcc.a(_umoddi3.o)
                0xa0000030                . = ALIGN (0x4)

.gcc_except_table
 *(.gcc_except_table .gcc_except_table.*)
                0xa0000030                . = ALIGN (0x4)

.persist        0xa0000030        0x0
                0xa0000030                _persist_begin = .
 *(.persist .persist.*)
 *(.pbss .pbss.*)
                0xa0000030                . = ALIGN (0x4)
                0xa0000030                _persist_end = .

.data           0xa0000030        0x0
 *(.gnu.linkonce.d.*)
 *(.data1)
                0xa0000030                . = ALIGN (0x4)
                0xa0000030                . = .
                0xa0008020                _gp = (ALIGN (0x10) + 0x7ff0)

.got            0xa0000030        0x0
 *(.got.plt)
 *(.got)
                0xa0000030                . = ALIGN (0x4)

.sdata          0xa0000030        0x8
                0xa0000030                _sdata_begin = .
 *(.sdata .sdata.* .gnu.linkonce.s.*)
 .sdata         0xa0000030        0x4 c:/program files (x86)/microchip/xc32/v1.34/bin/bin/../../lib/gcc/pic32mx/4.5.2/../../../../pic32mx/lib\libc.a(_iob.o)
                0xa0000030                _Files
 .sdata         0xa0000034        0x4 c:/program files (x86)/microchip/xc32/v1.34/bin/bin/../../lib/gcc/pic32mx/4.5.2/../../../../pic32mx/lib\libpic32.a(xc32_uart.o)
                0xa0000034                __XC_UART
                0xa0000038                . = ALIGN (0x4)
                0xa0000038                _sdata_end = .

.lit8
 *(.lit8)

.lit4
 *(.lit4)
                0xa0000038                . = ALIGN (0x4)
                0xa0000038                _data_end = .
                0xa0000038                _bss_begin = .

.sbss           0xa0000038       0x4c
                0xa0000038                _sbss_begin = .
 *(.dynsbss)
 *(.sbss .sbss.* .gnu.linkonce.sb.*)
 .sbss          0xa0000038        0x3 build/pic32mx_usb_sk2_int_dyn/production/_ext/1360937237/app.o
 .sbss          0xa000003b        0x1 build/pic32mx_usb_sk2_int_dyn/production/_ext/692885480/usb_device_hid.o
 .sbss          0xa000003c       0x20 build/pic32mx_usb_sk2_int_dyn/production/_ext/1774247193/i2c_master_int.o
 .sbss          0xa000005c        0x1 c:/program files (x86)/microchip/xc32/v1.34/bin/bin/../../lib/gcc/pic32mx/4.5.2/../../../../pic32mx/lib\libc.a(_iob.o)
                0xa000005c                _outdone
 *(.scommon)
 *fill*         0xa000005d        0x3 
 .scommon       0xa0000060        0x8 build/pic32mx_usb_sk2_int_dyn/production/_ext/102310384/sys_clk_static.o
                0xa0000060                BDT_ENTRY
 .scommon       0xa0000068        0x8 build/pic32mx_usb_sk2_int_dyn/production/_ext/1774247193/system_init.o
                0xa0000068                sysObj
 .scommon       0xa0000070        0x0 build/pic32mx_usb_sk2_int_dyn/production/_ext/1774247193/system_tasks.o
 .scommon       0xa0000070        0x0 build/pic32mx_usb_sk2_int_dyn/production/_ext/1774247193/system_interrupt.o
 .scommon       0xa0000070        0x7 build/pic32mx_usb_sk2_int_dyn/production/_ext/1360937237/app.o
                0xa0000070                mouseReportPrevious
                0xa0000074                mouseReport
 .scommon       0xa0000077        0x0 build/pic32mx_usb_sk2_int_dyn/production/_ext/1360937237/mouse.o
 .scommon       0xa0000077        0x0 build/pic32mx_usb_sk2_int_dyn/production/_ext/1585079243/drv_usb.o
 .scommon       0xa0000077        0x0 build/pic32mx_usb_sk2_int_dyn/production/_ext/1585079243/drv_usb_device.o
 *fill*         0xa0000077        0x1 
 .scommon       0xa0000078        0x8 build/pic32mx_usb_sk2_int_dyn/production/_ext/912498863/sys_devcon.o
                0xa0000078                sysDevconObj
 .scommon       0xa0000080        0x0 build/pic32mx_usb_sk2_int_dyn/production/_ext/692885480/usb_device.o
 .scommon       0xa0000080        0x2 build/pic32mx_usb_sk2_int_dyn/production/_ext/692885480/usb_device_hid.o
                0xa0000080                gUSBDeviceHidCommonDataObj
                0xa0000082                _sbss_end = .
                0xa0000084                . = ALIGN (0x4)
 *fill*         0xa0000082        0x2 

.bss            0xa0000200      0x170
 *(.dynbss)
 *(COMMON)
 COMMON         0xa0000200       0x40 build/pic32mx_usb_sk2_int_dyn/production/_ext/1774247193/system_init.o
                0xa0000200                endPointTable
 COMMON         0xa0000240       0x30 build/pic32mx_usb_sk2_int_dyn/production/_ext/1360937237/app.o
                0xa0000240                appData
 COMMON         0xa0000270       0x90 build/pic32mx_usb_sk2_int_dyn/production/_ext/1585079243/drv_usb.o
                0xa0000270                gDrvUSBGroup
 COMMON         0xa0000300       0x70 build/pic32mx_usb_sk2_int_dyn/production/_ext/692885480/usb_device_hid.o
                0xa0000300                gUsbDeviceHidInstance
                0xa0000328                gUSBDeviceHIDIRP
                0xa0000370                . = ALIGN ((. != 0x0)?0x4:0x1)
                0xa0000370                . = ALIGN (0x4)
                0xa0000370                _end = .
                0xa0000370                _bss_end = .
                0x00008000                _bmxdudba_address = 0x8000
                0x00008000                _bmxdupba_address = 0x8000

/DISCARD/
 *(.pdr)
 *(.rel.dyn)
 *(.note.GNU-stack)
 *(.note.GNU-stack)
 *(.gnu_debuglink)
 *(.gnu.lto_*)
 *(.discard)

.gptab.sdata
 *(.gptab.data)
 *(.gptab.sdata)

.gptab.sbss
 *(.gptab.bss)
 *(.gptab.sbss)

.mdebug.abi32   0xa0000370        0x0
 *(.mdebug.abi32)
 .mdebug.abi32  0xa0000370        0x0 build/pic32mx_usb_sk2_int_dyn/production/_ext/102310384/sys_clk_static.o
 .mdebug.abi32  0xa0000370        0x0 build/pic32mx_usb_sk2_int_dyn/production/_ext/1956551008/sys_ports_static.o
 .mdebug.abi32  0xa0000370        0x0 build/pic32mx_usb_sk2_int_dyn/production/_ext/1774247193/system_init.o
 .mdebug.abi32  0xa0000370        0x0 build/pic32mx_usb_sk2_int_dyn/production/_ext/1774247193/system_tasks.o
 .mdebug.abi32  0xa0000370        0x0 build/pic32mx_usb_sk2_int_dyn/production/_ext/1774247193/system_interrupt.o
 .mdebug.abi32  0xa0000370        0x0 build/pic32mx_usb_sk2_int_dyn/production/_ext/1360937237/app.o
 .mdebug.abi32  0xa0000370        0x0 build/pic32mx_usb_sk2_int_dyn/production/_ext/1360937237/main.o
 .mdebug.abi32  0xa0000370        0x0 build/pic32mx_usb_sk2_int_dyn/production/_ext/1360937237/mouse.o
 .mdebug.abi32  0xa0000370        0x0 build/pic32mx_usb_sk2_int_dyn/production/_ext/1979166340/bsp_sys_init.o
 .mdebug.abi32  0xa0000370        0x0 build/pic32mx_usb_sk2_int_dyn/production/_ext/1585079243/drv_usb.o
 .mdebug.abi32  0xa0000370        0x0 build/pic32mx_usb_sk2_int_dyn/production/_ext/1585079243/drv_usb_device.o
 .mdebug.abi32  0xa0000370        0x0 build/pic32mx_usb_sk2_int_dyn/production/_ext/912498863/sys_devcon.o
 .mdebug.abi32  0xa0000370        0x0 build/pic32mx_usb_sk2_int_dyn/production/_ext/912498863/sys_devcon_pic32mx.o
 .mdebug.abi32  0xa0000370        0x0 build/pic32mx_usb_sk2_int_dyn/production/_ext/711155467/sys_int_pic32.o
 .mdebug.abi32  0xa0000370        0x0 build/pic32mx_usb_sk2_int_dyn/production/_ext/1653354328/sys_ports.o
 .mdebug.abi32  0xa0000370        0x0 build/pic32mx_usb_sk2_int_dyn/production/_ext/692885480/usb_device.o
 .mdebug.abi32  0xa0000370        0x0 build/pic32mx_usb_sk2_int_dyn/production/_ext/692885480/usb_device_hid.o
 .mdebug.abi32  0xa0000370        0x0 build/pic32mx_usb_sk2_int_dyn/production/_ext/1774247193/i2c_display.o
 .mdebug.abi32  0xa0000370        0x0 build/pic32mx_usb_sk2_int_dyn/production/_ext/1774247193/i2c_master_int.o
 .mdebug.abi32  0xa0000370        0x0 build/pic32mx_usb_sk2_int_dyn/production/_ext/1774247193/spi_accel.o
 .mdebug.abi32  0xa0000370        0x0 c:/program files (x86)/microchip/xc32/v1.34/bin/bin/../../lib/gcc/pic32mx/4.5.2/../../../../pic32mx/lib\libpic32.a(default-bootstrap-exception-handler.o)
 .mdebug.abi32  0xa0000370        0x0 c:/program files (x86)/microchip/xc32/v1.34/bin/bin/../../lib/gcc/pic32mx/4.5.2/../../../../pic32mx/lib\libpic32.a(default-on-reset.o)
 .mdebug.abi32  0xa0000370        0x0 c:/program files (x86)/microchip/xc32/v1.34/bin/bin/../../lib/gcc/pic32mx/4.5.2/../../../../pic32mx/lib\libpic32.a(default-on-bootstrap.o)
 .mdebug.abi32  0xa0000370        0x0 c:/program files (x86)/microchip/xc32/v1.34/bin/bin/../../lib/gcc/pic32mx/4.5.2/../../../../pic32mx/lib\libpic32.a(default-general-exception-handler.o)
 .mdebug.abi32  0xa0000370        0x0 c:/program files (x86)/microchip/xc32/v1.34/bin/bin/../../lib/gcc/pic32mx/4.5.2/../../../../pic32mx/lib\libpic32.a(defaultinterrupt.o)
 .mdebug.abi32  0xa0000370        0x0 c:/program files (x86)/microchip/xc32/v1.34/bin/bin/../../lib/gcc/pic32mx/4.5.2/../../../../pic32mx/lib\libc.a(sprintf_fF.eo)
 .mdebug.abi32  0xa0000370        0x0 c:/program files (x86)/microchip/xc32/v1.34/bin/bin/../../lib/gcc/pic32mx/4.5.2/../../../../pic32mx/lib\libc.a(doprnt_fF.eo)
 .mdebug.abi32  0xa0000370        0x0 c:/program files (x86)/microchip/xc32/v1.34/bin/bin/../../lib/gcc/pic32mx/4.5.2/../../../../pic32mx/lib\libc.a(_fputc_simple.o)
 .mdebug.abi32  0xa0000370        0x0 c:/program files (x86)/microchip/xc32/v1.34/bin/bin/../../lib/gcc/pic32mx/4.5.2/../../../../pic32mx/lib\libc.a(ctype.o)
 .mdebug.abi32  0xa0000370        0x0 c:/program files (x86)/microchip/xc32/v1.34/bin/bin/../../lib/gcc/pic32mx/4.5.2/../../../../pic32mx/lib\libc.a(powersf.o)
 .mdebug.abi32  0xa0000370        0x0 c:/program files (x86)/microchip/xc32/v1.34/bin/bin/../../lib/gcc/pic32mx/4.5.2/../../../../pic32mx/lib\libc.a(_iob.o)
 .mdebug.abi32  0xa0000370        0x0 c:/program files (x86)/microchip/xc32/v1.34/bin/bin/../../lib/gcc/pic32mx/4.5.2/../../../../pic32mx/lib\libc.a(_flsbuf_simple.o)
 .mdebug.abi32  0xa0000370        0x0 c:/program files (x86)/microchip/xc32/v1.34/bin/bin/../../lib/gcc/pic32mx/4.5.2/../../../../pic32mx/lib\libpic32.a(write.o)
 .mdebug.abi32  0xa0000370        0x0 c:/program files (x86)/microchip/xc32/v1.34/bin/bin/../../lib/gcc/pic32mx/4.5.2/../../../../pic32mx/lib\libpic32.a(_mon_putc.o)
 .mdebug.abi32  0xa0000370        0x0 c:/program files (x86)/microchip/xc32/v1.34/bin/bin/../../lib/gcc/pic32mx/4.5.2/../../../../pic32mx/lib\libpic32.a(xc32_uart.o)
 .mdebug.abi32  0xa0000370        0x0 c:/program files (x86)/microchip/xc32/v1.34/bin/bin/../../lib/gcc/pic32mx/4.5.2/../../../../pic32mx/lib\libe.a(_floatdisf.o)
 .mdebug.abi32  0xa0000370        0x0 c:/program files (x86)/microchip/xc32/v1.34/bin/bin/../../lib/gcc/pic32mx/4.5.2\libgcc.a(_floatundisf.o)
 .mdebug.abi32  0xa0000370        0x0 c:/program files (x86)/microchip/xc32/v1.34/bin/bin/../../lib/gcc/pic32mx/4.5.2\libgcc.a(_udivdi3.o)
 .mdebug.abi32  0xa0000370        0x0 c:/program files (x86)/microchip/xc32/v1.34/bin/bin/../../lib/gcc/pic32mx/4.5.2\libgcc.a(_umoddi3.o)
 .mdebug.abi32  0xa0000370        0x0 c:/program files (x86)/microchip/xc32/v1.34/bin/bin/../../lib/gcc/pic32mx/4.5.2\libgcc.a(floatunsisf.o)

.mdebug.abiN32
 *(.mdebug.abiN32)

.mdebug.abi64
 *(.mdebug.abi64)

.mdebug.abiO64
 *(.mdebug.abiO64)

.mdebug.eabi32
 *(.mdebug.eabi32)

.mdebug.eabi64
 *(.mdebug.eabi64)

.gcc_compiled_long32
 *(.gcc_compiled_long32)

.gcc_compiled_long64
 *(.gcc_compiled_long64)

.stab
 *(.stab)

.stabstr
 *(.stabstr)

.stab.excl
 *(.stab.excl)

.stab.exclstr
 *(.stab.exclstr)

.stab.index
 *(.stab.index)

.stab.indexstr
 *(.stab.indexstr)

.comment        0x00000000      0x140
 *(.comment)
 .comment       0x00000000       0x3c build/pic32mx_usb_sk2_int_dyn/production/_ext/102310384/sys_clk_static.o
                                 0x3d (size before relaxing)
 .comment       0x00000000       0x3d build/pic32mx_usb_sk2_int_dyn/production/_ext/1956551008/sys_ports_static.o
 .comment       0x00000000       0x3d build/pic32mx_usb_sk2_int_dyn/production/_ext/1774247193/system_init.o
 .comment       0x00000000       0x3d build/pic32mx_usb_sk2_int_dyn/production/_ext/1774247193/system_tasks.o
 .comment       0x00000000       0x3d build/pic32mx_usb_sk2_int_dyn/production/_ext/1774247193/system_interrupt.o
 .comment       0x00000000       0x3d build/pic32mx_usb_sk2_int_dyn/production/_ext/1360937237/app.o
 .comment       0x00000000       0x3d build/pic32mx_usb_sk2_int_dyn/production/_ext/1360937237/main.o
 .comment       0x00000000       0x3d build/pic32mx_usb_sk2_int_dyn/production/_ext/1360937237/mouse.o
 .comment       0x00000000       0x3d build/pic32mx_usb_sk2_int_dyn/production/_ext/1979166340/bsp_sys_init.o
 .comment       0x00000000       0x3d build/pic32mx_usb_sk2_int_dyn/production/_ext/1585079243/drv_usb.o
 .comment       0x00000000       0x3d build/pic32mx_usb_sk2_int_dyn/production/_ext/1585079243/drv_usb_device.o
 .comment       0x00000000       0x3d build/pic32mx_usb_sk2_int_dyn/production/_ext/912498863/sys_devcon.o
 .comment       0x00000000       0x3d build/pic32mx_usb_sk2_int_dyn/production/_ext/912498863/sys_devcon_pic32mx.o
 .comment       0x00000000       0x3d build/pic32mx_usb_sk2_int_dyn/production/_ext/711155467/sys_int_pic32.o
 .comment       0x00000000       0x3d build/pic32mx_usb_sk2_int_dyn/production/_ext/1653354328/sys_ports.o
 .comment       0x00000000       0x3d build/pic32mx_usb_sk2_int_dyn/production/_ext/692885480/usb_device.o
 .comment       0x00000000       0x3d build/pic32mx_usb_sk2_int_dyn/production/_ext/692885480/usb_device_hid.o
 .comment       0x00000000       0x3d build/pic32mx_usb_sk2_int_dyn/production/_ext/1774247193/i2c_display.o
 .comment       0x00000000       0x3d build/pic32mx_usb_sk2_int_dyn/production/_ext/1774247193/i2c_master_int.o
 .comment       0x00000000       0x3d build/pic32mx_usb_sk2_int_dyn/production/_ext/1774247193/spi_accel.o
 .comment       0x0000003c       0x18 c:/program files (x86)/microchip/xc32/v1.34/bin/bin/../../lib/gcc/pic32mx/4.5.2/../../../../pic32mx/lib\libpic32.a(memcmp.o)
                                 0x19 (size before relaxing)
 .comment       0x00000000       0x3d c:/program files (x86)/microchip/xc32/v1.34/bin/bin/../../lib/gcc/pic32mx/4.5.2/../../../../pic32mx/lib\libpic32.a(default-bootstrap-exception-handler.o)
 .comment       0x00000000       0x3d c:/program files (x86)/microchip/xc32/v1.34/bin/bin/../../lib/gcc/pic32mx/4.5.2/../../../../pic32mx/lib\libpic32.a(default-on-reset.o)
 .comment       0x00000000       0x3d c:/program files (x86)/microchip/xc32/v1.34/bin/bin/../../lib/gcc/pic32mx/4.5.2/../../../../pic32mx/lib\libpic32.a(default-on-bootstrap.o)
 .comment       0x00000000       0x3d c:/program files (x86)/microchip/xc32/v1.34/bin/bin/../../lib/gcc/pic32mx/4.5.2/../../../../pic32mx/lib\libpic32.a(default-general-exception-handler.o)
 .comment       0x00000000       0x3d c:/program files (x86)/microchip/xc32/v1.34/bin/bin/../../lib/gcc/pic32mx/4.5.2/../../../../pic32mx/lib\libpic32.a(defaultinterrupt.o)
 .comment       0x00000000       0x3d c:/program files (x86)/microchip/xc32/v1.34/bin/bin/../../lib/gcc/pic32mx/4.5.2/../../../../pic32mx/lib\libc.a(sprintf_fF.eo)
 .comment       0x00000000       0x3d c:/program files (x86)/microchip/xc32/v1.34/bin/bin/../../lib/gcc/pic32mx/4.5.2/../../../../pic32mx/lib\libc.a(doprnt_fF.eo)
 .comment       0x00000000       0x3d c:/program files (x86)/microchip/xc32/v1.34/bin/bin/../../lib/gcc/pic32mx/4.5.2/../../../../pic32mx/lib\libc.a(_fputc_simple.o)
 .comment       0x00000054       0x4e c:/program files (x86)/microchip/xc32/v1.34/bin/bin/../../lib/gcc/pic32mx/4.5.2/../../../../pic32mx/lib\libc.a(ctype.o)
                                 0x8b (size before relaxing)
 .comment       0x00000000       0x3d c:/program files (x86)/microchip/xc32/v1.34/bin/bin/../../lib/gcc/pic32mx/4.5.2/../../../../pic32mx/lib\libc.a(powersf.o)
 .comment       0x00000000       0x3d c:/program files (x86)/microchip/xc32/v1.34/bin/bin/../../lib/gcc/pic32mx/4.5.2/../../../../pic32mx/lib\libc.a(_iob.o)
 .comment       0x00000000       0x3d c:/program files (x86)/microchip/xc32/v1.34/bin/bin/../../lib/gcc/pic32mx/4.5.2/../../../../pic32mx/lib\libc.a(_flsbuf_simple.o)
 .comment       0x00000000       0x3d c:/program files (x86)/microchip/xc32/v1.34/bin/bin/../../lib/gcc/pic32mx/4.5.2/../../../../pic32mx/lib\libpic32.a(write.o)
 .comment       0x00000000       0x3d c:/program files (x86)/microchip/xc32/v1.34/bin/bin/../../lib/gcc/pic32mx/4.5.2/../../../../pic32mx/lib\libpic32.a(_mon_putc.o)
 .comment       0x00000000       0x3d c:/program files (x86)/microchip/xc32/v1.34/bin/bin/../../lib/gcc/pic32mx/4.5.2/../../../../pic32mx/lib\libpic32.a(xc32_uart.o)
 .comment       0x000000a2       0x9e c:/program files (x86)/microchip/xc32/v1.34/bin/bin/../../lib/gcc/pic32mx/4.5.2/../../../../pic32mx/lib\libe.a(_floatdisf.o)
                                 0xdb (size before relaxing)
 .comment       0x00000000       0x3d c:/program files (x86)/microchip/xc32/v1.34/bin/bin/../../lib/gcc/pic32mx/4.5.2\libgcc.a(_floatundisf.o)
 .comment       0x00000000       0x3d c:/program files (x86)/microchip/xc32/v1.34/bin/bin/../../lib/gcc/pic32mx/4.5.2\libgcc.a(_udivdi3.o)
 .comment       0x00000000       0x3d c:/program files (x86)/microchip/xc32/v1.34/bin/bin/../../lib/gcc/pic32mx/4.5.2\libgcc.a(_umoddi3.o)
 .comment       0x00000000       0x3d c:/program files (x86)/microchip/xc32/v1.34/bin/bin/../../lib/gcc/pic32mx/4.5.2\libgcc.a(floatunsisf.o)

.debug
 *(.debug)

.line
 *(.line)

.debug_srcinfo
 *(.debug_srcinfo)

.debug_sfnames
 *(.debug_sfnames)

.debug_aranges  0x00000000      0x8f0
 *(.debug_aranges)
 .debug_aranges
                0x00000000       0x38 build/pic32mx_usb_sk2_int_dyn/production/_ext/102310384/sys_clk_static.o
 .debug_aranges
                0x00000038       0x20 build/pic32mx_usb_sk2_int_dyn/production/_ext/1956551008/sys_ports_static.o
 .debug_aranges
                0x00000058       0x20 build/pic32mx_usb_sk2_int_dyn/production/_ext/1774247193/system_init.o
 .debug_aranges
                0x00000078       0x20 build/pic32mx_usb_sk2_int_dyn/production/_ext/1774247193/system_tasks.o
 .debug_aranges
                0x00000098       0x20 build/pic32mx_usb_sk2_int_dyn/production/_ext/1774247193/system_interrupt.o
 .debug_aranges
                0x000000b8       0x40 build/pic32mx_usb_sk2_int_dyn/production/_ext/1360937237/app.o
 .debug_aranges
                0x000000f8       0x20 build/pic32mx_usb_sk2_int_dyn/production/_ext/1360937237/main.o
 .debug_aranges
                0x00000118       0x20 build/pic32mx_usb_sk2_int_dyn/production/_ext/1360937237/mouse.o
 .debug_aranges
                0x00000138       0x50 build/pic32mx_usb_sk2_int_dyn/production/_ext/1979166340/bsp_sys_init.o
 .debug_aranges
                0x00000188       0x70 build/pic32mx_usb_sk2_int_dyn/production/_ext/1585079243/drv_usb.o
 .debug_aranges
                0x000001f8       0xb8 build/pic32mx_usb_sk2_int_dyn/production/_ext/1585079243/drv_usb_device.o
 .debug_aranges
                0x000002b0       0x78 build/pic32mx_usb_sk2_int_dyn/production/_ext/912498863/sys_devcon.o
 .debug_aranges
                0x00000328       0x20 build/pic32mx_usb_sk2_int_dyn/production/_ext/912498863/sys_devcon_pic32mx.o
 .debug_aranges
                0x00000348       0x38 build/pic32mx_usb_sk2_int_dyn/production/_ext/711155467/sys_int_pic32.o
 .debug_aranges
                0x00000380       0xf8 build/pic32mx_usb_sk2_int_dyn/production/_ext/1653354328/sys_ports.o
 .debug_aranges
                0x00000478      0x150 build/pic32mx_usb_sk2_int_dyn/production/_ext/692885480/usb_device.o
 .debug_aranges
                0x000005c8       0x58 build/pic32mx_usb_sk2_int_dyn/production/_ext/692885480/usb_device_hid.o
 .debug_aranges
                0x00000620       0x58 build/pic32mx_usb_sk2_int_dyn/production/_ext/1774247193/i2c_display.o
 .debug_aranges
                0x00000678       0x38 build/pic32mx_usb_sk2_int_dyn/production/_ext/1774247193/i2c_master_int.o
 .debug_aranges
                0x000006b0       0x38 build/pic32mx_usb_sk2_int_dyn/production/_ext/1774247193/spi_accel.o
 .debug_aranges
                0x000006e8       0x20 c:/program files (x86)/microchip/xc32/v1.34/bin/bin/../../lib/gcc/pic32mx/4.5.2/../../../../pic32mx/lib\libpic32.a(default-bootstrap-exception-handler.o)
 .debug_aranges
                0x00000708       0x20 c:/program files (x86)/microchip/xc32/v1.34/bin/bin/../../lib/gcc/pic32mx/4.5.2/../../../../pic32mx/lib\libpic32.a(default-on-reset.o)
 .debug_aranges
                0x00000728       0x20 c:/program files (x86)/microchip/xc32/v1.34/bin/bin/../../lib/gcc/pic32mx/4.5.2/../../../../pic32mx/lib\libpic32.a(default-on-bootstrap.o)
 .debug_aranges
                0x00000748       0x20 c:/program files (x86)/microchip/xc32/v1.34/bin/bin/../../lib/gcc/pic32mx/4.5.2/../../../../pic32mx/lib\libpic32.a(default-general-exception-handler.o)
 .debug_aranges
                0x00000768       0x20 c:/program files (x86)/microchip/xc32/v1.34/bin/bin/../../lib/gcc/pic32mx/4.5.2/../../../../pic32mx/lib\libpic32.a(defaultinterrupt.o)
 .debug_aranges
                0x00000788       0x20 c:/program files (x86)/microchip/xc32/v1.34/bin/bin/../../lib/gcc/pic32mx/4.5.2/../../../../pic32mx/lib\libc.a(sprintf_fF.eo)
 .debug_aranges
                0x000007a8       0x28 c:/program files (x86)/microchip/xc32/v1.34/bin/bin/../../lib/gcc/pic32mx/4.5.2/../../../../pic32mx/lib\libc.a(doprnt_fF.eo)
 .debug_aranges
                0x000007d0       0x20 c:/program files (x86)/microchip/xc32/v1.34/bin/bin/../../lib/gcc/pic32mx/4.5.2/../../../../pic32mx/lib\libc.a(_fputc_simple.o)
 .debug_aranges
                0x000007f0       0x20 c:/program files (x86)/microchip/xc32/v1.34/bin/bin/../../lib/gcc/pic32mx/4.5.2/../../../../pic32mx/lib\libc.a(_flsbuf_simple.o)
 .debug_aranges
                0x00000810       0x20 c:/program files (x86)/microchip/xc32/v1.34/bin/bin/../../lib/gcc/pic32mx/4.5.2/../../../../pic32mx/lib\libpic32.a(write.o)
 .debug_aranges
                0x00000830       0x20 c:/program files (x86)/microchip/xc32/v1.34/bin/bin/../../lib/gcc/pic32mx/4.5.2/../../../../pic32mx/lib\libpic32.a(_mon_putc.o)
 .debug_aranges
                0x00000850       0x20 c:/program files (x86)/microchip/xc32/v1.34/bin/bin/../../lib/gcc/pic32mx/4.5.2/../../../../pic32mx/lib\libe.a(_floatdisf.o)
 .debug_aranges
                0x00000870       0x20 c:/program files (x86)/microchip/xc32/v1.34/bin/bin/../../lib/gcc/pic32mx/4.5.2\libgcc.a(_floatundisf.o)
 .debug_aranges
                0x00000890       0x20 c:/program files (x86)/microchip/xc32/v1.34/bin/bin/../../lib/gcc/pic32mx/4.5.2\libgcc.a(_udivdi3.o)
 .debug_aranges
                0x000008b0       0x20 c:/program files (x86)/microchip/xc32/v1.34/bin/bin/../../lib/gcc/pic32mx/4.5.2\libgcc.a(_umoddi3.o)
 .debug_aranges
                0x000008d0       0x20 c:/program files (x86)/microchip/xc32/v1.34/bin/bin/../../lib/gcc/pic32mx/4.5.2\libgcc.a(floatunsisf.o)

.debug_pubnames
                0x00000000     0x184a
 *(.debug_pubnames)
 .debug_pubnames
                0x00000000       0xa0 build/pic32mx_usb_sk2_int_dyn/production/_ext/102310384/sys_clk_static.o
 .debug_pubnames
                0x000000a0       0x2b build/pic32mx_usb_sk2_int_dyn/production/_ext/1956551008/sys_ports_static.o
 .debug_pubnames
                0x000000cb      0x153 build/pic32mx_usb_sk2_int_dyn/production/_ext/1774247193/system_init.o
 .debug_pubnames
                0x0000021e       0x2e build/pic32mx_usb_sk2_int_dyn/production/_ext/1774247193/system_tasks.o
 .debug_pubnames
                0x0000024c       0x3c build/pic32mx_usb_sk2_int_dyn/production/_ext/1774247193/system_interrupt.o
 .debug_pubnames
                0x00000288       0xcf build/pic32mx_usb_sk2_int_dyn/production/_ext/1360937237/app.o
 .debug_pubnames
                0x00000357       0x1b build/pic32mx_usb_sk2_int_dyn/production/_ext/1360937237/main.o
 .debug_pubnames
                0x00000372       0x37 build/pic32mx_usb_sk2_int_dyn/production/_ext/1360937237/mouse.o
 .debug_pubnames
                0x000003a9       0x93 build/pic32mx_usb_sk2_int_dyn/production/_ext/1979166340/bsp_sys_init.o
 .debug_pubnames
                0x0000043c      0x130 build/pic32mx_usb_sk2_int_dyn/production/_ext/1585079243/drv_usb.o
 .debug_pubnames
                0x0000056c      0x2c1 build/pic32mx_usb_sk2_int_dyn/production/_ext/1585079243/drv_usb_device.o
 .debug_pubnames
                0x0000082d      0x160 build/pic32mx_usb_sk2_int_dyn/production/_ext/912498863/sys_devcon.o
 .debug_pubnames
                0x0000098d       0x33 build/pic32mx_usb_sk2_int_dyn/production/_ext/912498863/sys_devcon_pic32mx.o
 .debug_pubnames
                0x000009c0       0x7f build/pic32mx_usb_sk2_int_dyn/production/_ext/711155467/sys_int_pic32.o
 .debug_pubnames
                0x00000a3f      0x376 build/pic32mx_usb_sk2_int_dyn/production/_ext/1653354328/sys_ports.o
 .debug_pubnames
                0x00000db5      0x546 build/pic32mx_usb_sk2_int_dyn/production/_ext/692885480/usb_device.o
 .debug_pubnames
                0x000012fb      0x1ae build/pic32mx_usb_sk2_int_dyn/production/_ext/692885480/usb_device_hid.o
 .debug_pubnames
                0x000014a9       0xb0 build/pic32mx_usb_sk2_int_dyn/production/_ext/1774247193/i2c_display.o
 .debug_pubnames
                0x00001559       0x64 build/pic32mx_usb_sk2_int_dyn/production/_ext/1774247193/i2c_master_int.o
 .debug_pubnames
                0x000015bd       0x58 build/pic32mx_usb_sk2_int_dyn/production/_ext/1774247193/spi_accel.o
 .debug_pubnames
                0x00001615       0x33 c:/program files (x86)/microchip/xc32/v1.34/bin/bin/../../lib/gcc/pic32mx/4.5.2/../../../../pic32mx/lib\libpic32.a(default-bootstrap-exception-handler.o)
 .debug_pubnames
                0x00001648       0x20 c:/program files (x86)/microchip/xc32/v1.34/bin/bin/../../lib/gcc/pic32mx/4.5.2/../../../../pic32mx/lib\libpic32.a(default-on-reset.o)
 .debug_pubnames
                0x00001668       0x24 c:/program files (x86)/microchip/xc32/v1.34/bin/bin/../../lib/gcc/pic32mx/4.5.2/../../../../pic32mx/lib\libpic32.a(default-on-bootstrap.o)
 .debug_pubnames
                0x0000168c       0x31 c:/program files (x86)/microchip/xc32/v1.34/bin/bin/../../lib/gcc/pic32mx/4.5.2/../../../../pic32mx/lib\libpic32.a(default-general-exception-handler.o)
 .debug_pubnames
                0x000016bd       0x28 c:/program files (x86)/microchip/xc32/v1.34/bin/bin/../../lib/gcc/pic32mx/4.5.2/../../../../pic32mx/lib\libpic32.a(defaultinterrupt.o)
 .debug_pubnames
                0x000016e5       0x22 c:/program files (x86)/microchip/xc32/v1.34/bin/bin/../../lib/gcc/pic32mx/4.5.2/../../../../pic32mx/lib\libc.a(sprintf_fF.eo)
 .debug_pubnames
                0x00001707       0x23 c:/program files (x86)/microchip/xc32/v1.34/bin/bin/../../lib/gcc/pic32mx/4.5.2/../../../../pic32mx/lib\libc.a(doprnt_fF.eo)
 .debug_pubnames
                0x0000172a       0x1c c:/program files (x86)/microchip/xc32/v1.34/bin/bin/../../lib/gcc/pic32mx/4.5.2/../../../../pic32mx/lib\libc.a(_fputc_simple.o)
 .debug_pubnames
                0x00001746       0x1e c:/program files (x86)/microchip/xc32/v1.34/bin/bin/../../lib/gcc/pic32mx/4.5.2/../../../../pic32mx/lib\libc.a(_flsbuf_simple.o)
 .debug_pubnames
                0x00001764       0x1c c:/program files (x86)/microchip/xc32/v1.34/bin/bin/../../lib/gcc/pic32mx/4.5.2/../../../../pic32mx/lib\libpic32.a(write.o)
 .debug_pubnames
                0x00001780       0x20 c:/program files (x86)/microchip/xc32/v1.34/bin/bin/../../lib/gcc/pic32mx/4.5.2/../../../../pic32mx/lib\libpic32.a(_mon_putc.o)
 .debug_pubnames
                0x000017a0       0x22 c:/program files (x86)/microchip/xc32/v1.34/bin/bin/../../lib/gcc/pic32mx/4.5.2/../../../../pic32mx/lib\libe.a(_floatdisf.o)
 .debug_pubnames
                0x000017c2       0x24 c:/program files (x86)/microchip/xc32/v1.34/bin/bin/../../lib/gcc/pic32mx/4.5.2\libgcc.a(_floatundisf.o)
 .debug_pubnames
                0x000017e6       0x20 c:/program files (x86)/microchip/xc32/v1.34/bin/bin/../../lib/gcc/pic32mx/4.5.2\libgcc.a(_udivdi3.o)
 .debug_pubnames
                0x00001806       0x20 c:/program files (x86)/microchip/xc32/v1.34/bin/bin/../../lib/gcc/pic32mx/4.5.2\libgcc.a(_umoddi3.o)
 .debug_pubnames
                0x00001826       0x24 c:/program files (x86)/microchip/xc32/v1.34/bin/bin/../../lib/gcc/pic32mx/4.5.2\libgcc.a(floatunsisf.o)

.debug_info     0x00000000    0x2ea13
 *(.debug_info .gnu.linkonce.wi.*)
 .debug_info    0x00000000     0x1c1b build/pic32mx_usb_sk2_int_dyn/production/_ext/102310384/sys_clk_static.o
 .debug_info    0x00001c1b      0xe15 build/pic32mx_usb_sk2_int_dyn/production/_ext/1956551008/sys_ports_static.o
 .debug_info    0x00002a30     0x3bd8 build/pic32mx_usb_sk2_int_dyn/production/_ext/1774247193/system_init.o
 .debug_info    0x00006608     0x13a6 build/pic32mx_usb_sk2_int_dyn/production/_ext/1774247193/system_tasks.o
 .debug_info    0x000079ae     0x13b8 build/pic32mx_usb_sk2_int_dyn/production/_ext/1774247193/system_interrupt.o
 .debug_info    0x00008d66     0x365a build/pic32mx_usb_sk2_int_dyn/production/_ext/1360937237/app.o
 .debug_info    0x0000c3c0      0x16b build/pic32mx_usb_sk2_int_dyn/production/_ext/1360937237/main.o
 .debug_info    0x0000c52b     0x136c build/pic32mx_usb_sk2_int_dyn/production/_ext/1360937237/mouse.o
 .debug_info    0x0000d897     0x1433 build/pic32mx_usb_sk2_int_dyn/production/_ext/1979166340/bsp_sys_init.o
 .debug_info    0x0000ecca     0x3df0 build/pic32mx_usb_sk2_int_dyn/production/_ext/1585079243/drv_usb.o
 .debug_info    0x00012aba     0x631f build/pic32mx_usb_sk2_int_dyn/production/_ext/1585079243/drv_usb_device.o
 .debug_info    0x00018dd9     0x1a37 build/pic32mx_usb_sk2_int_dyn/production/_ext/912498863/sys_devcon.o
 .debug_info    0x0001a810     0x10b8 build/pic32mx_usb_sk2_int_dyn/production/_ext/912498863/sys_devcon_pic32mx.o
 .debug_info    0x0001b8c8     0x195f build/pic32mx_usb_sk2_int_dyn/production/_ext/711155467/sys_int_pic32.o
 .debug_info    0x0001d227     0x3d98 build/pic32mx_usb_sk2_int_dyn/production/_ext/1653354328/sys_ports.o
 .debug_info    0x00020fbf     0x55d3 build/pic32mx_usb_sk2_int_dyn/production/_ext/692885480/usb_device.o
 .debug_info    0x00026592     0x447c build/pic32mx_usb_sk2_int_dyn/production/_ext/692885480/usb_device_hid.o
 .debug_info    0x0002aa0e      0x547 build/pic32mx_usb_sk2_int_dyn/production/_ext/1774247193/i2c_display.o
 .debug_info    0x0002af55     0x12fd build/pic32mx_usb_sk2_int_dyn/production/_ext/1774247193/i2c_master_int.o
 .debug_info    0x0002c252      0xb4a build/pic32mx_usb_sk2_int_dyn/production/_ext/1774247193/spi_accel.o
 .debug_info    0x0002cd9c       0xe2 c:/program files (x86)/microchip/xc32/v1.34/bin/bin/../../lib/gcc/pic32mx/4.5.2/../../../../pic32mx/lib\libpic32.a(default-bootstrap-exception-handler.o)
 .debug_info    0x0002ce7e       0xbc c:/program files (x86)/microchip/xc32/v1.34/bin/bin/../../lib/gcc/pic32mx/4.5.2/../../../../pic32mx/lib\libpic32.a(default-on-reset.o)
 .debug_info    0x0002cf3a       0xc4 c:/program files (x86)/microchip/xc32/v1.34/bin/bin/../../lib/gcc/pic32mx/4.5.2/../../../../pic32mx/lib\libpic32.a(default-on-bootstrap.o)
 .debug_info    0x0002cffe       0xde c:/program files (x86)/microchip/xc32/v1.34/bin/bin/../../lib/gcc/pic32mx/4.5.2/../../../../pic32mx/lib\libpic32.a(default-general-exception-handler.o)
 .debug_info    0x0002d0dc       0xd6 c:/program files (x86)/microchip/xc32/v1.34/bin/bin/../../lib/gcc/pic32mx/4.5.2/../../../../pic32mx/lib\libpic32.a(defaultinterrupt.o)
 .debug_info    0x0002d1b2       0xbb c:/program files (x86)/microchip/xc32/v1.34/bin/bin/../../lib/gcc/pic32mx/4.5.2/../../../../pic32mx/lib\libc.a(sprintf_fF.eo)
 .debug_info    0x0002d26d       0xdc c:/program files (x86)/microchip/xc32/v1.34/bin/bin/../../lib/gcc/pic32mx/4.5.2/../../../../pic32mx/lib\libc.a(doprnt_fF.eo)
 .debug_info    0x0002d349       0xb3 c:/program files (x86)/microchip/xc32/v1.34/bin/bin/../../lib/gcc/pic32mx/4.5.2/../../../../pic32mx/lib\libc.a(_fputc_simple.o)
 .debug_info    0x0002d3fc        0x0 c:/program files (x86)/microchip/xc32/v1.34/bin/bin/../../lib/gcc/pic32mx/4.5.2/../../../../pic32mx/lib\libc.a(ctype.o)
 .debug_info    0x0002d3fc        0x0 c:/program files (x86)/microchip/xc32/v1.34/bin/bin/../../lib/gcc/pic32mx/4.5.2/../../../../pic32mx/lib\libc.a(powersf.o)
 .debug_info    0x0002d3fc        0x0 c:/program files (x86)/microchip/xc32/v1.34/bin/bin/../../lib/gcc/pic32mx/4.5.2/../../../../pic32mx/lib\libc.a(_iob.o)
 .debug_info    0x0002d3fc       0xb6 c:/program files (x86)/microchip/xc32/v1.34/bin/bin/../../lib/gcc/pic32mx/4.5.2/../../../../pic32mx/lib\libc.a(_flsbuf_simple.o)
 .debug_info    0x0002d4b2       0xad c:/program files (x86)/microchip/xc32/v1.34/bin/bin/../../lib/gcc/pic32mx/4.5.2/../../../../pic32mx/lib\libpic32.a(write.o)
 .debug_info    0x0002d55f       0xb5 c:/program files (x86)/microchip/xc32/v1.34/bin/bin/../../lib/gcc/pic32mx/4.5.2/../../../../pic32mx/lib\libpic32.a(_mon_putc.o)
 .debug_info    0x0002d614        0x0 c:/program files (x86)/microchip/xc32/v1.34/bin/bin/../../lib/gcc/pic32mx/4.5.2/../../../../pic32mx/lib\libpic32.a(xc32_uart.o)
 .debug_info    0x0002d614       0xcb c:/program files (x86)/microchip/xc32/v1.34/bin/bin/../../lib/gcc/pic32mx/4.5.2/../../../../pic32mx/lib\libe.a(_floatdisf.o)
 .debug_info    0x0002d6df      0x2d0 c:/program files (x86)/microchip/xc32/v1.34/bin/bin/../../lib/gcc/pic32mx/4.5.2\libgcc.a(_floatundisf.o)
 .debug_info    0x0002d9af      0x783 c:/program files (x86)/microchip/xc32/v1.34/bin/bin/../../lib/gcc/pic32mx/4.5.2\libgcc.a(_udivdi3.o)
 .debug_info    0x0002e132      0x7b5 c:/program files (x86)/microchip/xc32/v1.34/bin/bin/../../lib/gcc/pic32mx/4.5.2\libgcc.a(_umoddi3.o)
 .debug_info    0x0002e8e7      0x12c c:/program files (x86)/microchip/xc32/v1.34/bin/bin/../../lib/gcc/pic32mx/4.5.2\libgcc.a(floatunsisf.o)

.debug_abbrev   0x00000000     0x2f06
 *(.debug_abbrev)
 .debug_abbrev  0x00000000      0x27e build/pic32mx_usb_sk2_int_dyn/production/_ext/102310384/sys_clk_static.o
 .debug_abbrev  0x0000027e      0x160 build/pic32mx_usb_sk2_int_dyn/production/_ext/1956551008/sys_ports_static.o
 .debug_abbrev  0x000003de      0x2ca build/pic32mx_usb_sk2_int_dyn/production/_ext/1774247193/system_init.o
 .debug_abbrev  0x000006a8      0x117 build/pic32mx_usb_sk2_int_dyn/production/_ext/1774247193/system_tasks.o
 .debug_abbrev  0x000007bf      0x117 build/pic32mx_usb_sk2_int_dyn/production/_ext/1774247193/system_interrupt.o
 .debug_abbrev  0x000008d6      0x278 build/pic32mx_usb_sk2_int_dyn/production/_ext/1360937237/app.o
 .debug_abbrev  0x00000b4e       0x38 build/pic32mx_usb_sk2_int_dyn/production/_ext/1360937237/main.o
 .debug_abbrev  0x00000b86      0x12f build/pic32mx_usb_sk2_int_dyn/production/_ext/1360937237/mouse.o
 .debug_abbrev  0x00000cb5      0x192 build/pic32mx_usb_sk2_int_dyn/production/_ext/1979166340/bsp_sys_init.o
 .debug_abbrev  0x00000e47      0x41e build/pic32mx_usb_sk2_int_dyn/production/_ext/1585079243/drv_usb.o
 .debug_abbrev  0x00001265      0x3f3 build/pic32mx_usb_sk2_int_dyn/production/_ext/1585079243/drv_usb_device.o
 .debug_abbrev  0x00001658      0x2c1 build/pic32mx_usb_sk2_int_dyn/production/_ext/912498863/sys_devcon.o
 .debug_abbrev  0x00001919      0x190 build/pic32mx_usb_sk2_int_dyn/production/_ext/912498863/sys_devcon_pic32mx.o
 .debug_abbrev  0x00001aa9      0x1bd build/pic32mx_usb_sk2_int_dyn/production/_ext/711155467/sys_int_pic32.o
 .debug_abbrev  0x00001c66      0x23d build/pic32mx_usb_sk2_int_dyn/production/_ext/1653354328/sys_ports.o
 .debug_abbrev  0x00001ea3      0x3b3 build/pic32mx_usb_sk2_int_dyn/production/_ext/692885480/usb_device.o
 .debug_abbrev  0x00002256      0x3ad build/pic32mx_usb_sk2_int_dyn/production/_ext/692885480/usb_device_hid.o
 .debug_abbrev  0x00002603      0x160 build/pic32mx_usb_sk2_int_dyn/production/_ext/1774247193/i2c_display.o
 .debug_abbrev  0x00002763      0x13c build/pic32mx_usb_sk2_int_dyn/production/_ext/1774247193/i2c_master_int.o
 .debug_abbrev  0x0000289f      0x11d build/pic32mx_usb_sk2_int_dyn/production/_ext/1774247193/spi_accel.o
 .debug_abbrev  0x000029bc       0x25 c:/program files (x86)/microchip/xc32/v1.34/bin/bin/../../lib/gcc/pic32mx/4.5.2/../../../../pic32mx/lib\libpic32.a(default-bootstrap-exception-handler.o)
 .debug_abbrev  0x000029e1       0x25 c:/program files (x86)/microchip/xc32/v1.34/bin/bin/../../lib/gcc/pic32mx/4.5.2/../../../../pic32mx/lib\libpic32.a(default-on-reset.o)
 .debug_abbrev  0x00002a06       0x25 c:/program files (x86)/microchip/xc32/v1.34/bin/bin/../../lib/gcc/pic32mx/4.5.2/../../../../pic32mx/lib\libpic32.a(default-on-bootstrap.o)
 .debug_abbrev  0x00002a2b       0x25 c:/program files (x86)/microchip/xc32/v1.34/bin/bin/../../lib/gcc/pic32mx/4.5.2/../../../../pic32mx/lib\libpic32.a(default-general-exception-handler.o)
 .debug_abbrev  0x00002a50       0x25 c:/program files (x86)/microchip/xc32/v1.34/bin/bin/../../lib/gcc/pic32mx/4.5.2/../../../../pic32mx/lib\libpic32.a(defaultinterrupt.o)
 .debug_abbrev  0x00002a75       0x25 c:/program files (x86)/microchip/xc32/v1.34/bin/bin/../../lib/gcc/pic32mx/4.5.2/../../../../pic32mx/lib\libc.a(sprintf_fF.eo)
 .debug_abbrev  0x00002a9a       0x43 c:/program files (x86)/microchip/xc32/v1.34/bin/bin/../../lib/gcc/pic32mx/4.5.2/../../../../pic32mx/lib\libc.a(doprnt_fF.eo)
 .debug_abbrev  0x00002add       0x25 c:/program files (x86)/microchip/xc32/v1.34/bin/bin/../../lib/gcc/pic32mx/4.5.2/../../../../pic32mx/lib\libc.a(_fputc_simple.o)
 .debug_abbrev  0x00002b02        0x1 c:/program files (x86)/microchip/xc32/v1.34/bin/bin/../../lib/gcc/pic32mx/4.5.2/../../../../pic32mx/lib\libc.a(ctype.o)
 .debug_abbrev  0x00002b03        0x1 c:/program files (x86)/microchip/xc32/v1.34/bin/bin/../../lib/gcc/pic32mx/4.5.2/../../../../pic32mx/lib\libc.a(powersf.o)
 .debug_abbrev  0x00002b04        0x1 c:/program files (x86)/microchip/xc32/v1.34/bin/bin/../../lib/gcc/pic32mx/4.5.2/../../../../pic32mx/lib\libc.a(_iob.o)
 .debug_abbrev  0x00002b05       0x25 c:/program files (x86)/microchip/xc32/v1.34/bin/bin/../../lib/gcc/pic32mx/4.5.2/../../../../pic32mx/lib\libc.a(_flsbuf_simple.o)
 .debug_abbrev  0x00002b2a       0x25 c:/program files (x86)/microchip/xc32/v1.34/bin/bin/../../lib/gcc/pic32mx/4.5.2/../../../../pic32mx/lib\libpic32.a(write.o)
 .debug_abbrev  0x00002b4f       0x25 c:/program files (x86)/microchip/xc32/v1.34/bin/bin/../../lib/gcc/pic32mx/4.5.2/../../../../pic32mx/lib\libpic32.a(_mon_putc.o)
 .debug_abbrev  0x00002b74        0x1 c:/program files (x86)/microchip/xc32/v1.34/bin/bin/../../lib/gcc/pic32mx/4.5.2/../../../../pic32mx/lib\libpic32.a(xc32_uart.o)
 .debug_abbrev  0x00002b75       0x32 c:/program files (x86)/microchip/xc32/v1.34/bin/bin/../../lib/gcc/pic32mx/4.5.2/../../../../pic32mx/lib\libe.a(_floatdisf.o)
 .debug_abbrev  0x00002ba7       0x79 c:/program files (x86)/microchip/xc32/v1.34/bin/bin/../../lib/gcc/pic32mx/4.5.2\libgcc.a(_floatundisf.o)
 .debug_abbrev  0x00002c20      0x13d c:/program files (x86)/microchip/xc32/v1.34/bin/bin/../../lib/gcc/pic32mx/4.5.2\libgcc.a(_udivdi3.o)
 .debug_abbrev  0x00002d5d      0x14a c:/program files (x86)/microchip/xc32/v1.34/bin/bin/../../lib/gcc/pic32mx/4.5.2\libgcc.a(_umoddi3.o)
 .debug_abbrev  0x00002ea7       0x5f c:/program files (x86)/microchip/xc32/v1.34/bin/bin/../../lib/gcc/pic32mx/4.5.2\libgcc.a(floatunsisf.o)

.debug_line     0x00000000     0x6486
 *(.debug_line)
 .debug_line    0x00000000      0x3fe build/pic32mx_usb_sk2_int_dyn/production/_ext/102310384/sys_clk_static.o
 .debug_line    0x000003fe      0x2e4 build/pic32mx_usb_sk2_int_dyn/production/_ext/1956551008/sys_ports_static.o
 .debug_line    0x000006e2      0x57b build/pic32mx_usb_sk2_int_dyn/production/_ext/1774247193/system_init.o
 .debug_line    0x00000c5d      0x25f build/pic32mx_usb_sk2_int_dyn/production/_ext/1774247193/system_tasks.o
 .debug_line    0x00000ebc      0x263 build/pic32mx_usb_sk2_int_dyn/production/_ext/1774247193/system_interrupt.o
 .debug_line    0x0000111f      0x4c3 build/pic32mx_usb_sk2_int_dyn/production/_ext/1360937237/app.o
 .debug_line    0x000015e2       0x7d build/pic32mx_usb_sk2_int_dyn/production/_ext/1360937237/main.o
 .debug_line    0x0000165f      0x1e4 build/pic32mx_usb_sk2_int_dyn/production/_ext/1360937237/mouse.o
 .debug_line    0x00001843      0x30b build/pic32mx_usb_sk2_int_dyn/production/_ext/1979166340/bsp_sys_init.o
 .debug_line    0x00001b4e      0x843 build/pic32mx_usb_sk2_int_dyn/production/_ext/1585079243/drv_usb.o
 .debug_line    0x00002391      0xeaa build/pic32mx_usb_sk2_int_dyn/production/_ext/1585079243/drv_usb_device.o
 .debug_line    0x0000323b      0x5eb build/pic32mx_usb_sk2_int_dyn/production/_ext/912498863/sys_devcon.o
 .debug_line    0x00003826      0x336 build/pic32mx_usb_sk2_int_dyn/production/_ext/912498863/sys_devcon_pic32mx.o
 .debug_line    0x00003b5c      0x317 build/pic32mx_usb_sk2_int_dyn/production/_ext/711155467/sys_int_pic32.o
 .debug_line    0x00003e73      0x815 build/pic32mx_usb_sk2_int_dyn/production/_ext/1653354328/sys_ports.o
 .debug_line    0x00004688      0x957 build/pic32mx_usb_sk2_int_dyn/production/_ext/692885480/usb_device.o
 .debug_line    0x00004fdf      0x587 build/pic32mx_usb_sk2_int_dyn/production/_ext/692885480/usb_device_hid.o
 .debug_line    0x00005566      0x1d1 build/pic32mx_usb_sk2_int_dyn/production/_ext/1774247193/i2c_display.o
 .debug_line    0x00005737      0x198 build/pic32mx_usb_sk2_int_dyn/production/_ext/1774247193/i2c_master_int.o
 .debug_line    0x000058cf      0x150 build/pic32mx_usb_sk2_int_dyn/production/_ext/1774247193/spi_accel.o
 .debug_line    0x00005a1f       0x97 c:/program files (x86)/microchip/xc32/v1.34/bin/bin/../../lib/gcc/pic32mx/4.5.2/../../../../pic32mx/lib\libpic32.a(default-bootstrap-exception-handler.o)
 .debug_line    0x00005ab6       0x84 c:/program files (x86)/microchip/xc32/v1.34/bin/bin/../../lib/gcc/pic32mx/4.5.2/../../../../pic32mx/lib\libpic32.a(default-on-reset.o)
 .debug_line    0x00005b3a       0x88 c:/program files (x86)/microchip/xc32/v1.34/bin/bin/../../lib/gcc/pic32mx/4.5.2/../../../../pic32mx/lib\libpic32.a(default-on-bootstrap.o)
 .debug_line    0x00005bc2       0x95 c:/program files (x86)/microchip/xc32/v1.34/bin/bin/../../lib/gcc/pic32mx/4.5.2/../../../../pic32mx/lib\libpic32.a(default-general-exception-handler.o)
 .debug_line    0x00005c57       0x96 c:/program files (x86)/microchip/xc32/v1.34/bin/bin/../../lib/gcc/pic32mx/4.5.2/../../../../pic32mx/lib\libpic32.a(defaultinterrupt.o)
 .debug_line    0x00005ced       0x71 c:/program files (x86)/microchip/xc32/v1.34/bin/bin/../../lib/gcc/pic32mx/4.5.2/../../../../pic32mx/lib\libc.a(sprintf_fF.eo)
 .debug_line    0x00005d5e       0x70 c:/program files (x86)/microchip/xc32/v1.34/bin/bin/../../lib/gcc/pic32mx/4.5.2/../../../../pic32mx/lib\libc.a(doprnt_fF.eo)
 .debug_line    0x00005dce       0x6f c:/program files (x86)/microchip/xc32/v1.34/bin/bin/../../lib/gcc/pic32mx/4.5.2/../../../../pic32mx/lib\libc.a(_fputc_simple.o)
 .debug_line    0x00005e3d        0x0 c:/program files (x86)/microchip/xc32/v1.34/bin/bin/../../lib/gcc/pic32mx/4.5.2/../../../../pic32mx/lib\libc.a(ctype.o)
 .debug_line    0x00005e3d        0x0 c:/program files (x86)/microchip/xc32/v1.34/bin/bin/../../lib/gcc/pic32mx/4.5.2/../../../../pic32mx/lib\libc.a(powersf.o)
 .debug_line    0x00005e3d        0x0 c:/program files (x86)/microchip/xc32/v1.34/bin/bin/../../lib/gcc/pic32mx/4.5.2/../../../../pic32mx/lib\libc.a(_iob.o)
 .debug_line    0x00005e3d       0x70 c:/program files (x86)/microchip/xc32/v1.34/bin/bin/../../lib/gcc/pic32mx/4.5.2/../../../../pic32mx/lib\libc.a(_flsbuf_simple.o)
 .debug_line    0x00005ead       0x79 c:/program files (x86)/microchip/xc32/v1.34/bin/bin/../../lib/gcc/pic32mx/4.5.2/../../../../pic32mx/lib\libpic32.a(write.o)
 .debug_line    0x00005f26       0x7d c:/program files (x86)/microchip/xc32/v1.34/bin/bin/../../lib/gcc/pic32mx/4.5.2/../../../../pic32mx/lib\libpic32.a(_mon_putc.o)
 .debug_line    0x00005fa3        0x0 c:/program files (x86)/microchip/xc32/v1.34/bin/bin/../../lib/gcc/pic32mx/4.5.2/../../../../pic32mx/lib\libpic32.a(xc32_uart.o)
 .debug_line    0x00005fa3       0x93 c:/program files (x86)/microchip/xc32/v1.34/bin/bin/../../lib/gcc/pic32mx/4.5.2/../../../../pic32mx/lib\libe.a(_floatdisf.o)
 .debug_line    0x00006036      0x105 c:/program files (x86)/microchip/xc32/v1.34/bin/bin/../../lib/gcc/pic32mx/4.5.2\libgcc.a(_floatundisf.o)
 .debug_line    0x0000613b      0x16f c:/program files (x86)/microchip/xc32/v1.34/bin/bin/../../lib/gcc/pic32mx/4.5.2\libgcc.a(_udivdi3.o)
 .debug_line    0x000062aa      0x14e c:/program files (x86)/microchip/xc32/v1.34/bin/bin/../../lib/gcc/pic32mx/4.5.2\libgcc.a(_umoddi3.o)
 .debug_line    0x000063f8       0x8e c:/program files (x86)/microchip/xc32/v1.34/bin/bin/../../lib/gcc/pic32mx/4.5.2\libgcc.a(floatunsisf.o)

.debug_frame    0x00000000     0x10b8
 *(.debug_frame)
 .debug_frame   0x00000000       0x58 build/pic32mx_usb_sk2_int_dyn/production/_ext/102310384/sys_clk_static.o
 .debug_frame   0x00000058       0x20 build/pic32mx_usb_sk2_int_dyn/production/_ext/1956551008/sys_ports_static.o
 .debug_frame   0x00000078       0x28 build/pic32mx_usb_sk2_int_dyn/production/_ext/1774247193/system_init.o
 .debug_frame   0x000000a0       0x28 build/pic32mx_usb_sk2_int_dyn/production/_ext/1774247193/system_tasks.o
 .debug_frame   0x000000c8       0x50 build/pic32mx_usb_sk2_int_dyn/production/_ext/1774247193/system_interrupt.o
 .debug_frame   0x00000118       0x8c build/pic32mx_usb_sk2_int_dyn/production/_ext/1360937237/app.o
 .debug_frame   0x000001a4       0x28 build/pic32mx_usb_sk2_int_dyn/production/_ext/1360937237/main.o
 .debug_frame   0x000001cc       0x20 build/pic32mx_usb_sk2_int_dyn/production/_ext/1360937237/mouse.o
 .debug_frame   0x000001ec       0x80 build/pic32mx_usb_sk2_int_dyn/production/_ext/1979166340/bsp_sys_init.o
 .debug_frame   0x0000026c       0xdc build/pic32mx_usb_sk2_int_dyn/production/_ext/1585079243/drv_usb.o
 .debug_frame   0x00000348      0x1b8 build/pic32mx_usb_sk2_int_dyn/production/_ext/1585079243/drv_usb_device.o
 .debug_frame   0x00000500       0xd8 build/pic32mx_usb_sk2_int_dyn/production/_ext/912498863/sys_devcon.o
 .debug_frame   0x000005d8       0x20 build/pic32mx_usb_sk2_int_dyn/production/_ext/912498863/sys_devcon_pic32mx.o
 .debug_frame   0x000005f8       0x50 build/pic32mx_usb_sk2_int_dyn/production/_ext/711155467/sys_int_pic32.o
 .debug_frame   0x00000648      0x1d0 build/pic32mx_usb_sk2_int_dyn/production/_ext/1653354328/sys_ports.o
 .debug_frame   0x00000818      0x3b0 build/pic32mx_usb_sk2_int_dyn/production/_ext/692885480/usb_device.o
 .debug_frame   0x00000bc8       0xcc build/pic32mx_usb_sk2_int_dyn/production/_ext/692885480/usb_device_hid.o
 .debug_frame   0x00000c94       0xc8 build/pic32mx_usb_sk2_int_dyn/production/_ext/1774247193/i2c_display.o
 .debug_frame   0x00000d5c       0x64 build/pic32mx_usb_sk2_int_dyn/production/_ext/1774247193/i2c_master_int.o
 .debug_frame   0x00000dc0       0x70 build/pic32mx_usb_sk2_int_dyn/production/_ext/1774247193/spi_accel.o
 .debug_frame   0x00000e30       0x28 c:/program files (x86)/microchip/xc32/v1.34/bin/bin/../../lib/gcc/pic32mx/4.5.2/../../../../pic32mx/lib\libpic32.a(default-bootstrap-exception-handler.o)
 .debug_frame   0x00000e58       0x20 c:/program files (x86)/microchip/xc32/v1.34/bin/bin/../../lib/gcc/pic32mx/4.5.2/../../../../pic32mx/lib\libpic32.a(default-on-reset.o)
 .debug_frame   0x00000e78       0x20 c:/program files (x86)/microchip/xc32/v1.34/bin/bin/../../lib/gcc/pic32mx/4.5.2/../../../../pic32mx/lib\libpic32.a(default-on-bootstrap.o)
 .debug_frame   0x00000e98       0x28 c:/program files (x86)/microchip/xc32/v1.34/bin/bin/../../lib/gcc/pic32mx/4.5.2/../../../../pic32mx/lib\libpic32.a(default-general-exception-handler.o)
 .debug_frame   0x00000ec0       0x20 c:/program files (x86)/microchip/xc32/v1.34/bin/bin/../../lib/gcc/pic32mx/4.5.2/../../../../pic32mx/lib\libpic32.a(defaultinterrupt.o)
 .debug_frame   0x00000ee0       0x2c c:/program files (x86)/microchip/xc32/v1.34/bin/bin/../../lib/gcc/pic32mx/4.5.2/../../../../pic32mx/lib\libc.a(sprintf_fF.eo)
 .debug_frame   0x00000f0c       0x5c c:/program files (x86)/microchip/xc32/v1.34/bin/bin/../../lib/gcc/pic32mx/4.5.2/../../../../pic32mx/lib\libc.a(doprnt_fF.eo)
 .debug_frame   0x00000f68       0x2c c:/program files (x86)/microchip/xc32/v1.34/bin/bin/../../lib/gcc/pic32mx/4.5.2/../../../../pic32mx/lib\libc.a(_fputc_simple.o)
 .debug_frame   0x00000f94       0x28 c:/program files (x86)/microchip/xc32/v1.34/bin/bin/../../lib/gcc/pic32mx/4.5.2/../../../../pic32mx/lib\libc.a(_flsbuf_simple.o)
 .debug_frame   0x00000fbc       0x28 c:/program files (x86)/microchip/xc32/v1.34/bin/bin/../../lib/gcc/pic32mx/4.5.2/../../../../pic32mx/lib\libpic32.a(write.o)
 .debug_frame   0x00000fe4       0x20 c:/program files (x86)/microchip/xc32/v1.34/bin/bin/../../lib/gcc/pic32mx/4.5.2/../../../../pic32mx/lib\libpic32.a(_mon_putc.o)
 .debug_frame   0x00001004       0x20 c:/program files (x86)/microchip/xc32/v1.34/bin/bin/../../lib/gcc/pic32mx/4.5.2/../../../../pic32mx/lib\libe.a(_floatdisf.o)
 .debug_frame   0x00001024       0x2c c:/program files (x86)/microchip/xc32/v1.34/bin/bin/../../lib/gcc/pic32mx/4.5.2\libgcc.a(_floatundisf.o)
 .debug_frame   0x00001050       0x20 c:/program files (x86)/microchip/xc32/v1.34/bin/bin/../../lib/gcc/pic32mx/4.5.2\libgcc.a(_udivdi3.o)
 .debug_frame   0x00001070       0x20 c:/program files (x86)/microchip/xc32/v1.34/bin/bin/../../lib/gcc/pic32mx/4.5.2\libgcc.a(_umoddi3.o)
 .debug_frame   0x00001090       0x28 c:/program files (x86)/microchip/xc32/v1.34/bin/bin/../../lib/gcc/pic32mx/4.5.2\libgcc.a(floatunsisf.o)

.debug_str      0x00000000      0xc51
 *(.debug_str)
 .debug_str     0x00000000       0x5e build/pic32mx_usb_sk2_int_dyn/production/_ext/102310384/sys_clk_static.o
 .debug_str     0x0000005e       0x17 build/pic32mx_usb_sk2_int_dyn/production/_ext/1956551008/sys_ports_static.o
 .debug_str     0x00000075      0x1a5 build/pic32mx_usb_sk2_int_dyn/production/_ext/1774247193/system_init.o
 .debug_str     0x0000021a       0x25 build/pic32mx_usb_sk2_int_dyn/production/_ext/1774247193/system_tasks.o
 .debug_str     0x0000023f       0x25 build/pic32mx_usb_sk2_int_dyn/production/_ext/1774247193/system_interrupt.o
 .debug_str     0x00000264       0xf2 build/pic32mx_usb_sk2_int_dyn/production/_ext/1360937237/app.o
 .debug_str     0x00000356        0x0 build/pic32mx_usb_sk2_int_dyn/production/_ext/1360937237/main.o
 .debug_str     0x00000356       0x1c build/pic32mx_usb_sk2_int_dyn/production/_ext/1360937237/mouse.o
 .debug_str     0x00000372       0x1e build/pic32mx_usb_sk2_int_dyn/production/_ext/1979166340/bsp_sys_init.o
 .debug_str     0x00000390       0xd4 build/pic32mx_usb_sk2_int_dyn/production/_ext/1585079243/drv_usb.o
 .debug_str     0x00000464      0x19c build/pic32mx_usb_sk2_int_dyn/production/_ext/1585079243/drv_usb_device.o
 .debug_str     0x00000600       0x35 build/pic32mx_usb_sk2_int_dyn/production/_ext/912498863/sys_devcon.o
 .debug_str     0x00000635       0x58 build/pic32mx_usb_sk2_int_dyn/production/_ext/912498863/sys_devcon_pic32mx.o
 .debug_str     0x0000068d       0x16 build/pic32mx_usb_sk2_int_dyn/production/_ext/711155467/sys_int_pic32.o
 .debug_str     0x000006a3       0xa1 build/pic32mx_usb_sk2_int_dyn/production/_ext/1653354328/sys_ports.o
 .debug_str     0x00000744      0x2ca build/pic32mx_usb_sk2_int_dyn/production/_ext/692885480/usb_device.o
 .debug_str     0x00000a0e      0x180 build/pic32mx_usb_sk2_int_dyn/production/_ext/692885480/usb_device_hid.o
 .debug_str     0x00000b8e        0x0 build/pic32mx_usb_sk2_int_dyn/production/_ext/1774247193/i2c_display.o
 .debug_str     0x00000b8e       0x65 build/pic32mx_usb_sk2_int_dyn/production/_ext/1774247193/i2c_master_int.o
 .debug_str     0x00000bf3       0x5e build/pic32mx_usb_sk2_int_dyn/production/_ext/1774247193/spi_accel.o
 .debug_str     0x00000c51        0x0 c:/program files (x86)/microchip/xc32/v1.34/bin/bin/../../lib/gcc/pic32mx/4.5.2/../../../../pic32mx/lib\libpic32.a(default-bootstrap-exception-handler.o)
 .debug_str     0x00000c51        0x0 c:/program files (x86)/microchip/xc32/v1.34/bin/bin/../../lib/gcc/pic32mx/4.5.2/../../../../pic32mx/lib\libpic32.a(default-on-reset.o)
 .debug_str     0x00000c51        0x0 c:/program files (x86)/microchip/xc32/v1.34/bin/bin/../../lib/gcc/pic32mx/4.5.2/../../../../pic32mx/lib\libpic32.a(default-on-bootstrap.o)
 .debug_str     0x00000c51        0x0 c:/program files (x86)/microchip/xc32/v1.34/bin/bin/../../lib/gcc/pic32mx/4.5.2/../../../../pic32mx/lib\libpic32.a(default-general-exception-handler.o)
 .debug_str     0x00000c51        0x0 c:/program files (x86)/microchip/xc32/v1.34/bin/bin/../../lib/gcc/pic32mx/4.5.2/../../../../pic32mx/lib\libpic32.a(defaultinterrupt.o)
 .debug_str     0x00000c51        0x0 c:/program files (x86)/microchip/xc32/v1.34/bin/bin/../../lib/gcc/pic32mx/4.5.2/../../../../pic32mx/lib\libc.a(sprintf_fF.eo)
 .debug_str     0x00000c51        0x0 c:/program files (x86)/microchip/xc32/v1.34/bin/bin/../../lib/gcc/pic32mx/4.5.2/../../../../pic32mx/lib\libc.a(doprnt_fF.eo)
 .debug_str     0x00000c51        0x0 c:/program files (x86)/microchip/xc32/v1.34/bin/bin/../../lib/gcc/pic32mx/4.5.2/../../../../pic32mx/lib\libc.a(_fputc_simple.o)
 .debug_str     0x00000c51        0x0 c:/program files (x86)/microchip/xc32/v1.34/bin/bin/../../lib/gcc/pic32mx/4.5.2/../../../../pic32mx/lib\libc.a(ctype.o)
 .debug_str     0x00000c51        0x0 c:/program files (x86)/microchip/xc32/v1.34/bin/bin/../../lib/gcc/pic32mx/4.5.2/../../../../pic32mx/lib\libc.a(powersf.o)
 .debug_str     0x00000c51        0x0 c:/program files (x86)/microchip/xc32/v1.34/bin/bin/../../lib/gcc/pic32mx/4.5.2/../../../../pic32mx/lib\libc.a(_iob.o)
 .debug_str     0x00000c51        0x0 c:/program files (x86)/microchip/xc32/v1.34/bin/bin/../../lib/gcc/pic32mx/4.5.2/../../../../pic32mx/lib\libc.a(_flsbuf_simple.o)
 .debug_str     0x00000c51        0x0 c:/program files (x86)/microchip/xc32/v1.34/bin/bin/../../lib/gcc/pic32mx/4.5.2/../../../../pic32mx/lib\libpic32.a(write.o)
 .debug_str     0x00000c51        0x0 c:/program files (x86)/microchip/xc32/v1.34/bin/bin/../../lib/gcc/pic32mx/4.5.2/../../../../pic32mx/lib\libpic32.a(_mon_putc.o)
 .debug_str     0x00000c51        0x0 c:/program files (x86)/microchip/xc32/v1.34/bin/bin/../../lib/gcc/pic32mx/4.5.2/../../../../pic32mx/lib\libpic32.a(xc32_uart.o)
 .debug_str     0x00000c51        0x0 c:/program files (x86)/microchip/xc32/v1.34/bin/bin/../../lib/gcc/pic32mx/4.5.2/../../../../pic32mx/lib\libe.a(_floatdisf.o)
 .debug_str     0x00000c51        0x0 c:/program files (x86)/microchip/xc32/v1.34/bin/bin/../../lib/gcc/pic32mx/4.5.2\libgcc.a(_floatundisf.o)
 .debug_str     0x00000c51        0x0 c:/program files (x86)/microchip/xc32/v1.34/bin/bin/../../lib/gcc/pic32mx/4.5.2\libgcc.a(_udivdi3.o)
 .debug_str     0x00000c51        0x0 c:/program files (x86)/microchip/xc32/v1.34/bin/bin/../../lib/gcc/pic32mx/4.5.2\libgcc.a(_umoddi3.o)
 .debug_str     0x00000c51        0x0 c:/program files (x86)/microchip/xc32/v1.34/bin/bin/../../lib/gcc/pic32mx/4.5.2\libgcc.a(floatunsisf.o)

.debug_loc      0x00000000     0x7170
 *(.debug_loc)
 .debug_loc     0x00000000       0x13 build/pic32mx_usb_sk2_int_dyn/production/_ext/102310384/sys_clk_static.o
 .debug_loc     0x00000013       0x13 build/pic32mx_usb_sk2_int_dyn/production/_ext/1774247193/system_init.o
 .debug_loc     0x00000026      0x1aa build/pic32mx_usb_sk2_int_dyn/production/_ext/1360937237/app.o
 .debug_loc     0x000001d0       0x2c build/pic32mx_usb_sk2_int_dyn/production/_ext/1360937237/mouse.o
 .debug_loc     0x000001fc       0x7a build/pic32mx_usb_sk2_int_dyn/production/_ext/1979166340/bsp_sys_init.o
 .debug_loc     0x00000276      0x674 build/pic32mx_usb_sk2_int_dyn/production/_ext/1585079243/drv_usb.o
 .debug_loc     0x000008ea     0x25fc build/pic32mx_usb_sk2_int_dyn/production/_ext/1585079243/drv_usb_device.o
 .debug_loc     0x00002ee6      0x1d0 build/pic32mx_usb_sk2_int_dyn/production/_ext/912498863/sys_devcon.o
 .debug_loc     0x000030b6      0x14e build/pic32mx_usb_sk2_int_dyn/production/_ext/912498863/sys_devcon_pic32mx.o
 .debug_loc     0x00003204       0x94 build/pic32mx_usb_sk2_int_dyn/production/_ext/711155467/sys_int_pic32.o
 .debug_loc     0x00003298      0xd0d build/pic32mx_usb_sk2_int_dyn/production/_ext/1653354328/sys_ports.o
 .debug_loc     0x00003fa5     0x126d build/pic32mx_usb_sk2_int_dyn/production/_ext/692885480/usb_device.o
 .debug_loc     0x00005212      0x767 build/pic32mx_usb_sk2_int_dyn/production/_ext/692885480/usb_device_hid.o
 .debug_loc     0x00005979      0x1c5 build/pic32mx_usb_sk2_int_dyn/production/_ext/1774247193/i2c_display.o
 .debug_loc     0x00005b3e       0x45 build/pic32mx_usb_sk2_int_dyn/production/_ext/1774247193/i2c_master_int.o
 .debug_loc     0x00005b83       0xb5 build/pic32mx_usb_sk2_int_dyn/production/_ext/1774247193/spi_accel.o
 .debug_loc     0x00005c38       0xd4 c:/program files (x86)/microchip/xc32/v1.34/bin/bin/../../lib/gcc/pic32mx/4.5.2\libgcc.a(_floatundisf.o)
 .debug_loc     0x00005d0c      0xa62 c:/program files (x86)/microchip/xc32/v1.34/bin/bin/../../lib/gcc/pic32mx/4.5.2\libgcc.a(_udivdi3.o)
 .debug_loc     0x0000676e      0x99a c:/program files (x86)/microchip/xc32/v1.34/bin/bin/../../lib/gcc/pic32mx/4.5.2\libgcc.a(_umoddi3.o)
 .debug_loc     0x00007108       0x68 c:/program files (x86)/microchip/xc32/v1.34/bin/bin/../../lib/gcc/pic32mx/4.5.2\libgcc.a(floatunsisf.o)

.debug_macinfo
 *(.debug_macinfo)

.debug_weaknames
 *(.debug_weaknames)

.debug_funcnames
 *(.debug_funcnames)

.debug_typenames
 *(.debug_typenames)

.debug_varnames
 *(.debug_varnames)

.debug_pubtypes
                0x00000000     0x245f
 *(.debug_pubtypes)
 .debug_pubtypes
                0x00000000      0x14f build/pic32mx_usb_sk2_int_dyn/production/_ext/102310384/sys_clk_static.o
 .debug_pubtypes
                0x0000014f       0xad build/pic32mx_usb_sk2_int_dyn/production/_ext/1956551008/sys_ports_static.o
 .debug_pubtypes
                0x000001fc      0x2a5 build/pic32mx_usb_sk2_int_dyn/production/_ext/1774247193/system_init.o
 .debug_pubtypes
                0x000004a1       0xab build/pic32mx_usb_sk2_int_dyn/production/_ext/1774247193/system_tasks.o
 .debug_pubtypes
                0x0000054c       0xab build/pic32mx_usb_sk2_int_dyn/production/_ext/1774247193/system_interrupt.o
 .debug_pubtypes
                0x000005f7      0x43a build/pic32mx_usb_sk2_int_dyn/production/_ext/1360937237/app.o
 .debug_pubtypes
                0x00000a31       0x12 build/pic32mx_usb_sk2_int_dyn/production/_ext/1360937237/main.o
 .debug_pubtypes
                0x00000a43       0xbf build/pic32mx_usb_sk2_int_dyn/production/_ext/1360937237/mouse.o
 .debug_pubtypes
                0x00000b02       0xa8 build/pic32mx_usb_sk2_int_dyn/production/_ext/1979166340/bsp_sys_init.o
 .debug_pubtypes
                0x00000baa      0x382 build/pic32mx_usb_sk2_int_dyn/production/_ext/1585079243/drv_usb.o
 .debug_pubtypes
                0x00000f2c      0x38e build/pic32mx_usb_sk2_int_dyn/production/_ext/1585079243/drv_usb_device.o
 .debug_pubtypes
                0x000012ba      0x136 build/pic32mx_usb_sk2_int_dyn/production/_ext/912498863/sys_devcon.o
 .debug_pubtypes
                0x000013f0       0x81 build/pic32mx_usb_sk2_int_dyn/production/_ext/912498863/sys_devcon_pic32mx.o
 .debug_pubtypes
                0x00001471       0x93 build/pic32mx_usb_sk2_int_dyn/production/_ext/711155467/sys_int_pic32.o
 .debug_pubtypes
                0x00001504      0x1de build/pic32mx_usb_sk2_int_dyn/production/_ext/1653354328/sys_ports.o
 .debug_pubtypes
                0x000016e2      0x533 build/pic32mx_usb_sk2_int_dyn/production/_ext/692885480/usb_device.o
 .debug_pubtypes
                0x00001c15      0x5d9 build/pic32mx_usb_sk2_int_dyn/production/_ext/692885480/usb_device_hid.o
 .debug_pubtypes
                0x000021ee       0x12 build/pic32mx_usb_sk2_int_dyn/production/_ext/1774247193/i2c_display.o
 .debug_pubtypes
                0x00002200       0xa4 build/pic32mx_usb_sk2_int_dyn/production/_ext/1774247193/i2c_master_int.o
 .debug_pubtypes
                0x000022a4       0x95 build/pic32mx_usb_sk2_int_dyn/production/_ext/1774247193/spi_accel.o
 .debug_pubtypes
                0x00002339       0x40 c:/program files (x86)/microchip/xc32/v1.34/bin/bin/../../lib/gcc/pic32mx/4.5.2\libgcc.a(_floatundisf.o)
 .debug_pubtypes
                0x00002379       0x59 c:/program files (x86)/microchip/xc32/v1.34/bin/bin/../../lib/gcc/pic32mx/4.5.2\libgcc.a(_udivdi3.o)
 .debug_pubtypes
                0x000023d2       0x59 c:/program files (x86)/microchip/xc32/v1.34/bin/bin/../../lib/gcc/pic32mx/4.5.2\libgcc.a(_umoddi3.o)
 .debug_pubtypes
                0x0000242b       0x34 c:/program files (x86)/microchip/xc32/v1.34/bin/bin/../../lib/gcc/pic32mx/4.5.2\libgcc.a(floatunsisf.o)

.debug_ranges   0x00000000      0xa30
 *(.debug_ranges)
 .debug_ranges  0x00000000       0x28 build/pic32mx_usb_sk2_int_dyn/production/_ext/102310384/sys_clk_static.o